../Core/Src/main.c:71:6:setRightWheel	16	static
../Core/Src/main.c:86:6:setLeftWheel	16	static
../Core/Src/main.c:107:5:main	96	static
../Core/Src/main.c:248:6:SystemClock_Config	96	static
../Core/Src/main.c:293:13:MX_LPUART1_UART_Init	8	static
../Core/Src/main.c:341:13:MX_USART2_UART_Init	8	static
../Core/Src/main.c:389:13:MX_TIM2_Init	64	static
../Core/Src/main.c:448:13:MX_TIM3_Init	64	static
../Core/Src/main.c:507:13:MX_GPIO_Init	64	static
../Core/Src/main.c:733:1:__io_putchar	16	static
../Core/Src/main.c:746:6:Error_Handler	4	static,ignoring_inline_asm
