../Core/Src/main.c:75:5:main	104	static
../Core/Src/main.c:170:6:SystemClock_Config	96	static
../Core/Src/main.c:215:13:MX_LPUART1_UART_Init	8	static
../Core/Src/main.c:263:13:MX_USART2_UART_Init	8	static
../Core/Src/main.c:311:13:MX_SPI1_Init	8	static
../Core/Src/main.c:351:13:MX_SPI3_Init	8	static
../Core/Src/main.c:391:13:MX_GPIO_Init	64	static
../Core/Src/main.c:632:1:__io_putchar	16	static
../Core/Src/main.c:638:6:HAL_UART_RxCpltCallback	16	static
../Core/Src/main.c:654:6:Error_Handler	4	static,ignoring_inline_asm
