11:05:31 **** Incremental Build of configuration Debug for project XBee ****
make -j9 all 
arm-none-eabi-gcc "../Core/Src/main.c" -mcpu=cortex-m4 -std=gnu11 -g3 -DDEBUG -DUSE_HAL_DRIVER -DSTM32L4R5xx -c -I../Core/Inc -I../Drivers/STM32L4xx_HAL_Driver/Inc -I../Drivers/STM32L4xx_HAL_Driver/Inc/Legacy -I../Drivers/CMSIS/Device/ST/STM32L4xx/Include -I../Drivers/CMSIS/Include -O0 -ffunction-sections -fdata-sections -Wall -fstack-usage -fcyclomatic-complexity -MMD -MP -MF"Core/Src/main.d" -MT"Core/Src/main.o" --specs=nano.specs -mfpu=fpv4-sp-d16 -mfloat-abi=hard -mthumb -o "Core/Src/main.o"
arm-none-eabi-gcc -o "XBee.elf" @"objects.list"   -mcpu=cortex-m4 -T"/Users/finn/Spider/XBee/STM32L4R5ZITXP_FLASH.ld" --specs=nosys.specs -Wl,-Map="XBee.map" -Wl,--gc-sections -static --specs=nano.specs -mfpu=fpv4-sp-d16 -mfloat-abi=hard -mthumb -u _printf_float -Wl,--start-group -lc -lm -Wl,--end-group
Finished building target: XBee.elf
 
arm-none-eabi-size  XBee.elf 
arm-none-eabi-objdump -h -S XBee.elf  > "XBee.list"
   text	   data	    bss	    dec	    hex	filename
  32156	    476	   2204	  34836	   8814	XBee.elf
Finished building: default.size.stdout
 
Finished building: XBee.list
 
11:05:37 **** Incremental Build of configuration Debug for project XBee ****
make -j9 all 
arm-none-eabi-size  XBee.elf 
   text	   data	    bss	    dec	    hex	filename
  32156	    476	   2204	  34836	   8814	XBee.elf
Finished building: default.size.stdout
 
11:07:39 **** Incremental Build of configuration Debug for project XBee ****
make -j9 all 
arm-none-eabi-gcc "../Core/Src/main.c" -mcpu=cortex-m4 -std=gnu11 -g3 -DDEBUG -DUSE_HAL_DRIVER -DSTM32L4R5xx -c -I../Core/Inc -I../Drivers/STM32L4xx_HAL_Driver/Inc -I../Drivers/STM32L4xx_HAL_Driver/Inc/Legacy -I../Drivers/CMSIS/Device/ST/STM32L4xx/Include -I../Drivers/CMSIS/Include -O0 -ffunction-sections -fdata-sections -Wall -fstack-usage -fcyclomatic-complexity -MMD -MP -MF"Core/Src/main.d" -MT"Core/Src/main.o" --specs=nano.specs -mfpu=fpv4-sp-d16 -mfloat-abi=hard -mthumb -o "Core/Src/main.o"
arm-none-eabi-gcc -o "XBee.elf" @"objects.list"   -mcpu=cortex-m4 -T"/Users/finn/Spider/XBee/STM32L4R5ZITXP_FLASH.ld" --specs=nosys.specs -Wl,-Map="XBee.map" -Wl,--gc-sections -static --specs=nano.specs -mfpu=fpv4-sp-d16 -mfloat-abi=hard -mthumb -u _printf_float -Wl,--start-group -lc -lm -Wl,--end-group
Finished building target: XBee.elf
 
arm-none-eabi-size  XBee.elf 
arm-none-eabi-objdump -h -S XBee.elf  > "XBee.list"
   text	   data	    bss	    dec	    hex	filename
  32172	    476	   2204	  34852	   8824	XBee.elf
Finished building: default.size.stdout
 
Finished building: XBee.list
 
11:08:41 **** Incremental Build of configuration Debug for project XBee ****
make -j9 all 
arm-none-eabi-gcc "../Core/Src/main.c" -mcpu=cortex-m4 -std=gnu11 -g3 -DDEBUG -DUSE_HAL_DRIVER -DSTM32L4R5xx -c -I../Core/Inc -I../Drivers/STM32L4xx_HAL_Driver/Inc -I../Drivers/STM32L4xx_HAL_Driver/Inc/Legacy -I../Drivers/CMSIS/Device/ST/STM32L4xx/Include -I../Drivers/CMSIS/Include -O0 -ffunction-sections -fdata-sections -Wall -fstack-usage -fcyclomatic-complexity -MMD -MP -MF"Core/Src/main.d" -MT"Core/Src/main.o" --specs=nano.specs -mfpu=fpv4-sp-d16 -mfloat-abi=hard -mthumb -o "Core/Src/main.o"
../Core/Src/main.c: In function 'main':
../Core/Src/main.c:95:24: error: invalid initializer
   95 |   uint8_t rx_data[6] = 0;
      |                        ^
make: *** [Core/Src/subdir.mk:34: Core/Src/main.o] Error 1
"make -j9 all" terminated with exit code 2. Build might be incomplete.
11:08:52 **** Incremental Build of configuration Debug for project XBee ****
make -j9 all 
arm-none-eabi-gcc "../Core/Src/main.c" -mcpu=cortex-m4 -std=gnu11 -g3 -DDEBUG -DUSE_HAL_DRIVER -DSTM32L4R5xx -c -I../Core/Inc -I../Drivers/STM32L4xx_HAL_Driver/Inc -I../Drivers/STM32L4xx_HAL_Driver/Inc/Legacy -I../Drivers/CMSIS/Device/ST/STM32L4xx/Include -I../Drivers/CMSIS/Include -O0 -ffunction-sections -fdata-sections -Wall -fstack-usage -fcyclomatic-complexity -MMD -MP -MF"Core/Src/main.d" -MT"Core/Src/main.o" --specs=nano.specs -mfpu=fpv4-sp-d16 -mfloat-abi=hard -mthumb -o "Core/Src/main.o"
../Core/Src/main.c: In function 'main':
../Core/Src/main.c:95:24: error: invalid initializer
   95 |   uint8_t rx_data[6] = 1;
      |                        ^
make: *** [Core/Src/subdir.mk:34: Core/Src/main.o] Error 1
"make -j9 all" terminated with exit code 2. Build might be incomplete.
11:09:00 **** Incremental Build of configuration Debug for project XBee ****
make -j9 all 
arm-none-eabi-gcc "../Core/Src/main.c" -mcpu=cortex-m4 -std=gnu11 -g3 -DDEBUG -DUSE_HAL_DRIVER -DSTM32L4R5xx -c -I../Core/Inc -I../Drivers/STM32L4xx_HAL_Driver/Inc -I../Drivers/STM32L4xx_HAL_Driver/Inc/Legacy -I../Drivers/CMSIS/Device/ST/STM32L4xx/Include -I../Drivers/CMSIS/Include -O0 -ffunction-sections -fdata-sections -Wall -fstack-usage -fcyclomatic-complexity -MMD -MP -MF"Core/Src/main.d" -MT"Core/Src/main.o" --specs=nano.specs -mfpu=fpv4-sp-d16 -mfloat-abi=hard -mthumb -o "Core/Src/main.o"
arm-none-eabi-gcc -o "XBee.elf" @"objects.list"   -mcpu=cortex-m4 -T"/Users/finn/Spider/XBee/STM32L4R5ZITXP_FLASH.ld" --specs=nosys.specs -Wl,-Map="XBee.map" -Wl,--gc-sections -static --specs=nano.specs -mfpu=fpv4-sp-d16 -mfloat-abi=hard -mthumb -u _printf_float -Wl,--start-group -lc -lm -Wl,--end-group
Finished building target: XBee.elf
 
arm-none-eabi-size  XBee.elf 
arm-none-eabi-objdump -h -S XBee.elf  > "XBee.list"
   text	   data	    bss	    dec	    hex	filename
  32172	    476	   2204	  34852	   8824	XBee.elf
Finished building: default.size.stdout
 
Finished building: XBee.list
 
11:10:30 **** Incremental Build of configuration Debug for project XBee ****
make -j9 all 
arm-none-eabi-gcc "../Core/Src/main.c" -mcpu=cortex-m4 -std=gnu11 -g3 -DDEBUG -DUSE_HAL_DRIVER -DSTM32L4R5xx -c -I../Core/Inc -I../Drivers/STM32L4xx_HAL_Driver/Inc -I../Drivers/STM32L4xx_HAL_Driver/Inc/Legacy -I../Drivers/CMSIS/Device/ST/STM32L4xx/Include -I../Drivers/CMSIS/Include -O0 -ffunction-sections -fdata-sections -Wall -fstack-usage -fcyclomatic-complexity -MMD -MP -MF"Core/Src/main.d" -MT"Core/Src/main.o" --specs=nano.specs -mfpu=fpv4-sp-d16 -mfloat-abi=hard -mthumb -o "Core/Src/main.o"
arm-none-eabi-gcc -o "XBee.elf" @"objects.list"   -mcpu=cortex-m4 -T"/Users/finn/Spider/XBee/STM32L4R5ZITXP_FLASH.ld" --specs=nosys.specs -Wl,-Map="XBee.map" -Wl,--gc-sections -static --specs=nano.specs -mfpu=fpv4-sp-d16 -mfloat-abi=hard -mthumb -u _printf_float -Wl,--start-group -lc -lm -Wl,--end-group
Finished building target: XBee.elf
 
arm-none-eabi-size  XBee.elf 
arm-none-eabi-objdump -h -S XBee.elf  > "XBee.list"
   text	   data	    bss	    dec	    hex	filename
  32172	    476	   2204	  34852	   8824	XBee.elf
Finished building: default.size.stdout
 
Finished building: XBee.list
 
11:10:50 **** Incremental Build of configuration Debug for project XBee ****
make -j9 all 
arm-none-eabi-gcc "../Core/Src/main.c" -mcpu=cortex-m4 -std=gnu11 -g3 -DDEBUG -DUSE_HAL_DRIVER -DSTM32L4R5xx -c -I../Core/Inc -I../Drivers/STM32L4xx_HAL_Driver/Inc -I../Drivers/STM32L4xx_HAL_Driver/Inc/Legacy -I../Drivers/CMSIS/Device/ST/STM32L4xx/Include -I../Drivers/CMSIS/Include -O0 -ffunction-sections -fdata-sections -Wall -fstack-usage -fcyclomatic-complexity -MMD -MP -MF"Core/Src/main.d" -MT"Core/Src/main.o" --specs=nano.specs -mfpu=fpv4-sp-d16 -mfloat-abi=hard -mthumb -o "Core/Src/main.o"
arm-none-eabi-gcc -o "XBee.elf" @"objects.list"   -mcpu=cortex-m4 -T"/Users/finn/Spider/XBee/STM32L4R5ZITXP_FLASH.ld" --specs=nosys.specs -Wl,-Map="XBee.map" -Wl,--gc-sections -static --specs=nano.specs -mfpu=fpv4-sp-d16 -mfloat-abi=hard -mthumb -u _printf_float -Wl,--start-group -lc -lm -Wl,--end-group
Finished building target: XBee.elf
 
arm-none-eabi-size  XBee.elf 
arm-none-eabi-objdump -h -S XBee.elf  > "XBee.list"
   text	   data	    bss	    dec	    hex	filename
  32172	    476	   2204	  34852	   8824	XBee.elf
Finished building: default.size.stdout
 
Finished building: XBee.list
 
11:11:12 **** Incremental Build of configuration Debug for project XBee ****
make -j9 all 
arm-none-eabi-gcc "../Core/Src/main.c" -mcpu=cortex-m4 -std=gnu11 -g3 -DDEBUG -DUSE_HAL_DRIVER -DSTM32L4R5xx -c -I../Core/Inc -I../Drivers/STM32L4xx_HAL_Driver/Inc -I../Drivers/STM32L4xx_HAL_Driver/Inc/Legacy -I../Drivers/CMSIS/Device/ST/STM32L4xx/Include -I../Drivers/CMSIS/Include -O0 -ffunction-sections -fdata-sections -Wall -fstack-usage -fcyclomatic-complexity -MMD -MP -MF"Core/Src/main.d" -MT"Core/Src/main.o" --specs=nano.specs -mfpu=fpv4-sp-d16 -mfloat-abi=hard -mthumb -o "Core/Src/main.o"
arm-none-eabi-gcc -o "XBee.elf" @"objects.list"   -mcpu=cortex-m4 -T"/Users/finn/Spider/XBee/STM32L4R5ZITXP_FLASH.ld" --specs=nosys.specs -Wl,-Map="XBee.map" -Wl,--gc-sections -static --specs=nano.specs -mfpu=fpv4-sp-d16 -mfloat-abi=hard -mthumb -u _printf_float -Wl,--start-group -lc -lm -Wl,--end-group
Finished building target: XBee.elf
 
arm-none-eabi-size  XBee.elf 
arm-none-eabi-objdump -h -S XBee.elf  > "XBee.list"
   text	   data	    bss	    dec	    hex	filename
  32172	    476	   2204	  34852	   8824	XBee.elf
Finished building: default.size.stdout
 
Finished building: XBee.list
 
11:11:51 **** Incremental Build of configuration Debug for project XBee ****
make -j9 all 
arm-none-eabi-gcc "../Core/Src/main.c" -mcpu=cortex-m4 -std=gnu11 -g3 -DDEBUG -DUSE_HAL_DRIVER -DSTM32L4R5xx -c -I../Core/Inc -I../Drivers/STM32L4xx_HAL_Driver/Inc -I../Drivers/STM32L4xx_HAL_Driver/Inc/Legacy -I../Drivers/CMSIS/Device/ST/STM32L4xx/Include -I../Drivers/CMSIS/Include -O0 -ffunction-sections -fdata-sections -Wall -fstack-usage -fcyclomatic-complexity -MMD -MP -MF"Core/Src/main.d" -MT"Core/Src/main.o" --specs=nano.specs -mfpu=fpv4-sp-d16 -mfloat-abi=hard -mthumb -o "Core/Src/main.o"
arm-none-eabi-gcc -o "XBee.elf" @"objects.list"   -mcpu=cortex-m4 -T"/Users/finn/Spider/XBee/STM32L4R5ZITXP_FLASH.ld" --specs=nosys.specs -Wl,-Map="XBee.map" -Wl,--gc-sections -static --specs=nano.specs -mfpu=fpv4-sp-d16 -mfloat-abi=hard -mthumb -u _printf_float -Wl,--start-group -lc -lm -Wl,--end-group
Finished building target: XBee.elf
 
arm-none-eabi-size  XBee.elf 
arm-none-eabi-objdump -h -S XBee.elf  > "XBee.list"
   text	   data	    bss	    dec	    hex	filename
  32180	    476	   2204	  34860	   882c	XBee.elf
Finished building: default.size.stdout
 
Finished building: XBee.list
 
11:12:28 **** Incremental Build of configuration Debug for project XBee ****
make -j9 all 
arm-none-eabi-gcc "../Core/Src/main.c" -mcpu=cortex-m4 -std=gnu11 -g3 -DDEBUG -DUSE_HAL_DRIVER -DSTM32L4R5xx -c -I../Core/Inc -I../Drivers/STM32L4xx_HAL_Driver/Inc -I../Drivers/STM32L4xx_HAL_Driver/Inc/Legacy -I../Drivers/CMSIS/Device/ST/STM32L4xx/Include -I../Drivers/CMSIS/Include -O0 -ffunction-sections -fdata-sections -Wall -fstack-usage -fcyclomatic-complexity -MMD -MP -MF"Core/Src/main.d" -MT"Core/Src/main.o" --specs=nano.specs -mfpu=fpv4-sp-d16 -mfloat-abi=hard -mthumb -o "Core/Src/main.o"
arm-none-eabi-gcc -o "XBee.elf" @"objects.list"   -mcpu=cortex-m4 -T"/Users/finn/Spider/XBee/STM32L4R5ZITXP_FLASH.ld" --specs=nosys.specs -Wl,-Map="XBee.map" -Wl,--gc-sections -static --specs=nano.specs -mfpu=fpv4-sp-d16 -mfloat-abi=hard -mthumb -u _printf_float -Wl,--start-group -lc -lm -Wl,--end-group
Finished building target: XBee.elf
 
arm-none-eabi-size  XBee.elf 
arm-none-eabi-objdump -h -S XBee.elf  > "XBee.list"
   text	   data	    bss	    dec	    hex	filename
  32156	    476	   2204	  34836	   8814	XBee.elf
Finished building: default.size.stdout
 
Finished building: XBee.list
 
11:19:00 **** Incremental Build of configuration Debug for project XBee ****
make -j9 all 
arm-none-eabi-gcc "../Drivers/STM32L4xx_HAL_Driver/Src/stm32l4xx_hal.c" -mcpu=cortex-m4 -std=gnu11 -g3 -DDEBUG -DUSE_HAL_DRIVER -DSTM32L4R5xx -c -I../Core/Inc -I../Drivers/STM32L4xx_HAL_Driver/Inc -I../Drivers/STM32L4xx_HAL_Driver/Inc/Legacy -I../Drivers/CMSIS/Device/ST/STM32L4xx/Include -I../Drivers/CMSIS/Include -O0 -ffunction-sections -fdata-sections -Wall -fstack-usage -fcyclomatic-complexity -MMD -MP -MF"Drivers/STM32L4xx_HAL_Driver/Src/stm32l4xx_hal.d" -MT"Drivers/STM32L4xx_HAL_Driver/Src/stm32l4xx_hal.o" --specs=nano.specs -mfpu=fpv4-sp-d16 -mfloat-abi=hard -mthumb -o "Drivers/STM32L4xx_HAL_Driver/Src/stm32l4xx_hal.o"
arm-none-eabi-gcc "../Drivers/STM32L4xx_HAL_Driver/Src/stm32l4xx_hal_cortex.c" -mcpu=cortex-m4 -std=gnu11 -g3 -DDEBUG -DUSE_HAL_DRIVER -DSTM32L4R5xx -c -I../Core/Inc -I../Drivers/STM32L4xx_HAL_Driver/Inc -I../Drivers/STM32L4xx_HAL_Driver/Inc/Legacy -I../Drivers/CMSIS/Device/ST/STM32L4xx/Include -I../Drivers/CMSIS/Include -O0 -ffunction-sections -fdata-sections -Wall -fstack-usage -fcyclomatic-complexity -MMD -MP -MF"Drivers/STM32L4xx_HAL_Driver/Src/stm32l4xx_hal_cortex.d" -MT"Drivers/STM32L4xx_HAL_Driver/Src/stm32l4xx_hal_cortex.o" --specs=nano.specs -mfpu=fpv4-sp-d16 -mfloat-abi=hard -mthumb -o "Drivers/STM32L4xx_HAL_Driver/Src/stm32l4xx_hal_cortex.o"
arm-none-eabi-gcc "../Drivers/STM32L4xx_HAL_Driver/Src/stm32l4xx_hal_dma.c" -mcpu=cortex-m4 -std=gnu11 -g3 -DDEBUG -DUSE_HAL_DRIVER -DSTM32L4R5xx -c -I../Core/Inc -I../Drivers/STM32L4xx_HAL_Driver/Inc -I../Drivers/STM32L4xx_HAL_Driver/Inc/Legacy -I../Drivers/CMSIS/Device/ST/STM32L4xx/Include -I../Drivers/CMSIS/Include -O0 -ffunction-sections -fdata-sections -Wall -fstack-usage -fcyclomatic-complexity -MMD -MP -MF"Drivers/STM32L4xx_HAL_Driver/Src/stm32l4xx_hal_dma.d" -MT"Drivers/STM32L4xx_HAL_Driver/Src/stm32l4xx_hal_dma.o" --specs=nano.specs -mfpu=fpv4-sp-d16 -mfloat-abi=hard -mthumb -o "Drivers/STM32L4xx_HAL_Driver/Src/stm32l4xx_hal_dma.o"
arm-none-eabi-gcc "../Drivers/STM32L4xx_HAL_Driver/Src/stm32l4xx_hal_dma_ex.c" -mcpu=cortex-m4 -std=gnu11 -g3 -DDEBUG -DUSE_HAL_DRIVER -DSTM32L4R5xx -c -I../Core/Inc -I../Drivers/STM32L4xx_HAL_Driver/Inc -I../Drivers/STM32L4xx_HAL_Driver/Inc/Legacy -I../Drivers/CMSIS/Device/ST/STM32L4xx/Include -I../Drivers/CMSIS/Include -O0 -ffunction-sections -fdata-sections -Wall -fstack-usage -fcyclomatic-complexity -MMD -MP -MF"Drivers/STM32L4xx_HAL_Driver/Src/stm32l4xx_hal_dma_ex.d" -MT"Drivers/STM32L4xx_HAL_Driver/Src/stm32l4xx_hal_dma_ex.o" --specs=nano.specs -mfpu=fpv4-sp-d16 -mfloat-abi=hard -mthumb -o "Drivers/STM32L4xx_HAL_Driver/Src/stm32l4xx_hal_dma_ex.o"
arm-none-eabi-gcc "../Drivers/STM32L4xx_HAL_Driver/Src/stm32l4xx_hal_exti.c" -mcpu=cortex-m4 -std=gnu11 -g3 -DDEBUG -DUSE_HAL_DRIVER -DSTM32L4R5xx -c -I../Core/Inc -I../Drivers/STM32L4xx_HAL_Driver/Inc -I../Drivers/STM32L4xx_HAL_Driver/Inc/Legacy -I../Drivers/CMSIS/Device/ST/STM32L4xx/Include -I../Drivers/CMSIS/Include -O0 -ffunction-sections -fdata-sections -Wall -fstack-usage -fcyclomatic-complexity -MMD -MP -MF"Drivers/STM32L4xx_HAL_Driver/Src/stm32l4xx_hal_exti.d" -MT"Drivers/STM32L4xx_HAL_Driver/Src/stm32l4xx_hal_exti.o" --specs=nano.specs -mfpu=fpv4-sp-d16 -mfloat-abi=hard -mthumb -o "Drivers/STM32L4xx_HAL_Driver/Src/stm32l4xx_hal_exti.o"
arm-none-eabi-gcc "../Drivers/STM32L4xx_HAL_Driver/Src/stm32l4xx_hal_flash.c" -mcpu=cortex-m4 -std=gnu11 -g3 -DDEBUG -DUSE_HAL_DRIVER -DSTM32L4R5xx -c -I../Core/Inc -I../Drivers/STM32L4xx_HAL_Driver/Inc -I../Drivers/STM32L4xx_HAL_Driver/Inc/Legacy -I../Drivers/CMSIS/Device/ST/STM32L4xx/Include -I../Drivers/CMSIS/Include -O0 -ffunction-sections -fdata-sections -Wall -fstack-usage -fcyclomatic-complexity -MMD -MP -MF"Drivers/STM32L4xx_HAL_Driver/Src/stm32l4xx_hal_flash.d" -MT"Drivers/STM32L4xx_HAL_Driver/Src/stm32l4xx_hal_flash.o" --specs=nano.specs -mfpu=fpv4-sp-d16 -mfloat-abi=hard -mthumb -o "Drivers/STM32L4xx_HAL_Driver/Src/stm32l4xx_hal_flash.o"
arm-none-eabi-gcc "../Drivers/STM32L4xx_HAL_Driver/Src/stm32l4xx_hal_flash_ex.c" -mcpu=cortex-m4 -std=gnu11 -g3 -DDEBUG -DUSE_HAL_DRIVER -DSTM32L4R5xx -c -I../Core/Inc -I../Drivers/STM32L4xx_HAL_Driver/Inc -I../Drivers/STM32L4xx_HAL_Driver/Inc/Legacy -I../Drivers/CMSIS/Device/ST/STM32L4xx/Include -I../Drivers/CMSIS/Include -O0 -ffunction-sections -fdata-sections -Wall -fstack-usage -fcyclomatic-complexity -MMD -MP -MF"Drivers/STM32L4xx_HAL_Driver/Src/stm32l4xx_hal_flash_ex.d" -MT"Drivers/STM32L4xx_HAL_Driver/Src/stm32l4xx_hal_flash_ex.o" --specs=nano.specs -mfpu=fpv4-sp-d16 -mfloat-abi=hard -mthumb -o "Drivers/STM32L4xx_HAL_Driver/Src/stm32l4xx_hal_flash_ex.o"
arm-none-eabi-gcc "../Drivers/STM32L4xx_HAL_Driver/Src/stm32l4xx_hal_flash_ramfunc.c" -mcpu=cortex-m4 -std=gnu11 -g3 -DDEBUG -DUSE_HAL_DRIVER -DSTM32L4R5xx -c -I../Core/Inc -I../Drivers/STM32L4xx_HAL_Driver/Inc -I../Drivers/STM32L4xx_HAL_Driver/Inc/Legacy -I../Drivers/CMSIS/Device/ST/STM32L4xx/Include -I../Drivers/CMSIS/Include -O0 -ffunction-sections -fdata-sections -Wall -fstack-usage -fcyclomatic-complexity -MMD -MP -MF"Drivers/STM32L4xx_HAL_Driver/Src/stm32l4xx_hal_flash_ramfunc.d" -MT"Drivers/STM32L4xx_HAL_Driver/Src/stm32l4xx_hal_flash_ramfunc.o" --specs=nano.specs -mfpu=fpv4-sp-d16 -mfloat-abi=hard -mthumb -o "Drivers/STM32L4xx_HAL_Driver/Src/stm32l4xx_hal_flash_ramfunc.o"
arm-none-eabi-gcc "../Drivers/STM32L4xx_HAL_Driver/Src/stm32l4xx_hal_gpio.c" -mcpu=cortex-m4 -std=gnu11 -g3 -DDEBUG -DUSE_HAL_DRIVER -DSTM32L4R5xx -c -I../Core/Inc -I../Drivers/STM32L4xx_HAL_Driver/Inc -I../Drivers/STM32L4xx_HAL_Driver/Inc/Legacy -I../Drivers/CMSIS/Device/ST/STM32L4xx/Include -I../Drivers/CMSIS/Include -O0 -ffunction-sections -fdata-sections -Wall -fstack-usage -fcyclomatic-complexity -MMD -MP -MF"Drivers/STM32L4xx_HAL_Driver/Src/stm32l4xx_hal_gpio.d" -MT"Drivers/STM32L4xx_HAL_Driver/Src/stm32l4xx_hal_gpio.o" --specs=nano.specs -mfpu=fpv4-sp-d16 -mfloat-abi=hard -mthumb -o "Drivers/STM32L4xx_HAL_Driver/Src/stm32l4xx_hal_gpio.o"
arm-none-eabi-gcc "../Drivers/STM32L4xx_HAL_Driver/Src/stm32l4xx_hal_i2c.c" -mcpu=cortex-m4 -std=gnu11 -g3 -DDEBUG -DUSE_HAL_DRIVER -DSTM32L4R5xx -c -I../Core/Inc -I../Drivers/STM32L4xx_HAL_Driver/Inc -I../Drivers/STM32L4xx_HAL_Driver/Inc/Legacy -I../Drivers/CMSIS/Device/ST/STM32L4xx/Include -I../Drivers/CMSIS/Include -O0 -ffunction-sections -fdata-sections -Wall -fstack-usage -fcyclomatic-complexity -MMD -MP -MF"Drivers/STM32L4xx_HAL_Driver/Src/stm32l4xx_hal_i2c.d" -MT"Drivers/STM32L4xx_HAL_Driver/Src/stm32l4xx_hal_i2c.o" --specs=nano.specs -mfpu=fpv4-sp-d16 -mfloat-abi=hard -mthumb -o "Drivers/STM32L4xx_HAL_Driver/Src/stm32l4xx_hal_i2c.o"
arm-none-eabi-gcc "../Drivers/STM32L4xx_HAL_Driver/Src/stm32l4xx_hal_i2c_ex.c" -mcpu=cortex-m4 -std=gnu11 -g3 -DDEBUG -DUSE_HAL_DRIVER -DSTM32L4R5xx -c -I../Core/Inc -I../Drivers/STM32L4xx_HAL_Driver/Inc -I../Drivers/STM32L4xx_HAL_Driver/Inc/Legacy -I../Drivers/CMSIS/Device/ST/STM32L4xx/Include -I../Drivers/CMSIS/Include -O0 -ffunction-sections -fdata-sections -Wall -fstack-usage -fcyclomatic-complexity -MMD -MP -MF"Drivers/STM32L4xx_HAL_Driver/Src/stm32l4xx_hal_i2c_ex.d" -MT"Drivers/STM32L4xx_HAL_Driver/Src/stm32l4xx_hal_i2c_ex.o" --specs=nano.specs -mfpu=fpv4-sp-d16 -mfloat-abi=hard -mthumb -o "Drivers/STM32L4xx_HAL_Driver/Src/stm32l4xx_hal_i2c_ex.o"
arm-none-eabi-gcc "../Drivers/STM32L4xx_HAL_Driver/Src/stm32l4xx_hal_pwr.c" -mcpu=cortex-m4 -std=gnu11 -g3 -DDEBUG -DUSE_HAL_DRIVER -DSTM32L4R5xx -c -I../Core/Inc -I../Drivers/STM32L4xx_HAL_Driver/Inc -I../Drivers/STM32L4xx_HAL_Driver/Inc/Legacy -I../Drivers/CMSIS/Device/ST/STM32L4xx/Include -I../Drivers/CMSIS/Include -O0 -ffunction-sections -fdata-sections -Wall -fstack-usage -fcyclomatic-complexity -MMD -MP -MF"Drivers/STM32L4xx_HAL_Driver/Src/stm32l4xx_hal_pwr.d" -MT"Drivers/STM32L4xx_HAL_Driver/Src/stm32l4xx_hal_pwr.o" --specs=nano.specs -mfpu=fpv4-sp-d16 -mfloat-abi=hard -mthumb -o "Drivers/STM32L4xx_HAL_Driver/Src/stm32l4xx_hal_pwr.o"
arm-none-eabi-gcc "../Drivers/STM32L4xx_HAL_Driver/Src/stm32l4xx_hal_pwr_ex.c" -mcpu=cortex-m4 -std=gnu11 -g3 -DDEBUG -DUSE_HAL_DRIVER -DSTM32L4R5xx -c -I../Core/Inc -I../Drivers/STM32L4xx_HAL_Driver/Inc -I../Drivers/STM32L4xx_HAL_Driver/Inc/Legacy -I../Drivers/CMSIS/Device/ST/STM32L4xx/Include -I../Drivers/CMSIS/Include -O0 -ffunction-sections -fdata-sections -Wall -fstack-usage -fcyclomatic-complexity -MMD -MP -MF"Drivers/STM32L4xx_HAL_Driver/Src/stm32l4xx_hal_pwr_ex.d" -MT"Drivers/STM32L4xx_HAL_Driver/Src/stm32l4xx_hal_pwr_ex.o" --specs=nano.specs -mfpu=fpv4-sp-d16 -mfloat-abi=hard -mthumb -o "Drivers/STM32L4xx_HAL_Driver/Src/stm32l4xx_hal_pwr_ex.o"
arm-none-eabi-gcc "../Drivers/STM32L4xx_HAL_Driver/Src/stm32l4xx_hal_rcc.c" -mcpu=cortex-m4 -std=gnu11 -g3 -DDEBUG -DUSE_HAL_DRIVER -DSTM32L4R5xx -c -I../Core/Inc -I../Drivers/STM32L4xx_HAL_Driver/Inc -I../Drivers/STM32L4xx_HAL_Driver/Inc/Legacy -I../Drivers/CMSIS/Device/ST/STM32L4xx/Include -I../Drivers/CMSIS/Include -O0 -ffunction-sections -fdata-sections -Wall -fstack-usage -fcyclomatic-complexity -MMD -MP -MF"Drivers/STM32L4xx_HAL_Driver/Src/stm32l4xx_hal_rcc.d" -MT"Drivers/STM32L4xx_HAL_Driver/Src/stm32l4xx_hal_rcc.o" --specs=nano.specs -mfpu=fpv4-sp-d16 -mfloat-abi=hard -mthumb -o "Drivers/STM32L4xx_HAL_Driver/Src/stm32l4xx_hal_rcc.o"
arm-none-eabi-gcc "../Drivers/STM32L4xx_HAL_Driver/Src/stm32l4xx_hal_rcc_ex.c" -mcpu=cortex-m4 -std=gnu11 -g3 -DDEBUG -DUSE_HAL_DRIVER -DSTM32L4R5xx -c -I../Core/Inc -I../Drivers/STM32L4xx_HAL_Driver/Inc -I../Drivers/STM32L4xx_HAL_Driver/Inc/Legacy -I../Drivers/CMSIS/Device/ST/STM32L4xx/Include -I../Drivers/CMSIS/Include -O0 -ffunction-sections -fdata-sections -Wall -fstack-usage -fcyclomatic-complexity -MMD -MP -MF"Drivers/STM32L4xx_HAL_Driver/Src/stm32l4xx_hal_rcc_ex.d" -MT"Drivers/STM32L4xx_HAL_Driver/Src/stm32l4xx_hal_rcc_ex.o" --specs=nano.specs -mfpu=fpv4-sp-d16 -mfloat-abi=hard -mthumb -o "Drivers/STM32L4xx_HAL_Driver/Src/stm32l4xx_hal_rcc_ex.o"
arm-none-eabi-gcc "../Drivers/STM32L4xx_HAL_Driver/Src/stm32l4xx_hal_tim.c" -mcpu=cortex-m4 -std=gnu11 -g3 -DDEBUG -DUSE_HAL_DRIVER -DSTM32L4R5xx -c -I../Core/Inc -I../Drivers/STM32L4xx_HAL_Driver/Inc -I../Drivers/STM32L4xx_HAL_Driver/Inc/Legacy -I../Drivers/CMSIS/Device/ST/STM32L4xx/Include -I../Drivers/CMSIS/Include -O0 -ffunction-sections -fdata-sections -Wall -fstack-usage -fcyclomatic-complexity -MMD -MP -MF"Drivers/STM32L4xx_HAL_Driver/Src/stm32l4xx_hal_tim.d" -MT"Drivers/STM32L4xx_HAL_Driver/Src/stm32l4xx_hal_tim.o" --specs=nano.specs -mfpu=fpv4-sp-d16 -mfloat-abi=hard -mthumb -o "Drivers/STM32L4xx_HAL_Driver/Src/stm32l4xx_hal_tim.o"
arm-none-eabi-gcc "../Drivers/STM32L4xx_HAL_Driver/Src/stm32l4xx_hal_tim_ex.c" -mcpu=cortex-m4 -std=gnu11 -g3 -DDEBUG -DUSE_HAL_DRIVER -DSTM32L4R5xx -c -I../Core/Inc -I../Drivers/STM32L4xx_HAL_Driver/Inc -I../Drivers/STM32L4xx_HAL_Driver/Inc/Legacy -I../Drivers/CMSIS/Device/ST/STM32L4xx/Include -I../Drivers/CMSIS/Include -O0 -ffunction-sections -fdata-sections -Wall -fstack-usage -fcyclomatic-complexity -MMD -MP -MF"Drivers/STM32L4xx_HAL_Driver/Src/stm32l4xx_hal_tim_ex.d" -MT"Drivers/STM32L4xx_HAL_Driver/Src/stm32l4xx_hal_tim_ex.o" --specs=nano.specs -mfpu=fpv4-sp-d16 -mfloat-abi=hard -mthumb -o "Drivers/STM32L4xx_HAL_Driver/Src/stm32l4xx_hal_tim_ex.o"
arm-none-eabi-gcc "../Drivers/STM32L4xx_HAL_Driver/Src/stm32l4xx_hal_uart.c" -mcpu=cortex-m4 -std=gnu11 -g3 -DDEBUG -DUSE_HAL_DRIVER -DSTM32L4R5xx -c -I../Core/Inc -I../Drivers/STM32L4xx_HAL_Driver/Inc -I../Drivers/STM32L4xx_HAL_Driver/Inc/Legacy -I../Drivers/CMSIS/Device/ST/STM32L4xx/Include -I../Drivers/CMSIS/Include -O0 -ffunction-sections -fdata-sections -Wall -fstack-usage -fcyclomatic-complexity -MMD -MP -MF"Drivers/STM32L4xx_HAL_Driver/Src/stm32l4xx_hal_uart.d" -MT"Drivers/STM32L4xx_HAL_Driver/Src/stm32l4xx_hal_uart.o" --specs=nano.specs -mfpu=fpv4-sp-d16 -mfloat-abi=hard -mthumb -o "Drivers/STM32L4xx_HAL_Driver/Src/stm32l4xx_hal_uart.o"
arm-none-eabi-gcc "../Drivers/STM32L4xx_HAL_Driver/Src/stm32l4xx_hal_uart_ex.c" -mcpu=cortex-m4 -std=gnu11 -g3 -DDEBUG -DUSE_HAL_DRIVER -DSTM32L4R5xx -c -I../Core/Inc -I../Drivers/STM32L4xx_HAL_Driver/Inc -I../Drivers/STM32L4xx_HAL_Driver/Inc/Legacy -I../Drivers/CMSIS/Device/ST/STM32L4xx/Include -I../Drivers/CMSIS/Include -O0 -ffunction-sections -fdata-sections -Wall -fstack-usage -fcyclomatic-complexity -MMD -MP -MF"Drivers/STM32L4xx_HAL_Driver/Src/stm32l4xx_hal_uart_ex.d" -MT"Drivers/STM32L4xx_HAL_Driver/Src/stm32l4xx_hal_uart_ex.o" --specs=nano.specs -mfpu=fpv4-sp-d16 -mfloat-abi=hard -mthumb -o "Drivers/STM32L4xx_HAL_Driver/Src/stm32l4xx_hal_uart_ex.o"
arm-none-eabi-gcc "../Core/Src/main.c" -mcpu=cortex-m4 -std=gnu11 -g3 -DDEBUG -DUSE_HAL_DRIVER -DSTM32L4R5xx -c -I../Core/Inc -I../Drivers/STM32L4xx_HAL_Driver/Inc -I../Drivers/STM32L4xx_HAL_Driver/Inc/Legacy -I../Drivers/CMSIS/Device/ST/STM32L4xx/Include -I../Drivers/CMSIS/Include -O0 -ffunction-sections -fdata-sections -Wall -fstack-usage -fcyclomatic-complexity -MMD -MP -MF"Core/Src/main.d" -MT"Core/Src/main.o" --specs=nano.specs -mfpu=fpv4-sp-d16 -mfloat-abi=hard -mthumb -o "Core/Src/main.o"
arm-none-eabi-gcc "../Core/Src/stm32l4xx_hal_msp.c" -mcpu=cortex-m4 -std=gnu11 -g3 -DDEBUG -DUSE_HAL_DRIVER -DSTM32L4R5xx -c -I../Core/Inc -I../Drivers/STM32L4xx_HAL_Driver/Inc -I../Drivers/STM32L4xx_HAL_Driver/Inc/Legacy -I../Drivers/CMSIS/Device/ST/STM32L4xx/Include -I../Drivers/CMSIS/Include -O0 -ffunction-sections -fdata-sections -Wall -fstack-usage -fcyclomatic-complexity -MMD -MP -MF"Core/Src/stm32l4xx_hal_msp.d" -MT"Core/Src/stm32l4xx_hal_msp.o" --specs=nano.specs -mfpu=fpv4-sp-d16 -mfloat-abi=hard -mthumb -o "Core/Src/stm32l4xx_hal_msp.o"
arm-none-eabi-gcc "../Core/Src/stm32l4xx_it.c" -mcpu=cortex-m4 -std=gnu11 -g3 -DDEBUG -DUSE_HAL_DRIVER -DSTM32L4R5xx -c -I../Core/Inc -I../Drivers/STM32L4xx_HAL_Driver/Inc -I../Drivers/STM32L4xx_HAL_Driver/Inc/Legacy -I../Drivers/CMSIS/Device/ST/STM32L4xx/Include -I../Drivers/CMSIS/Include -O0 -ffunction-sections -fdata-sections -Wall -fstack-usage -fcyclomatic-complexity -MMD -MP -MF"Core/Src/stm32l4xx_it.d" -MT"Core/Src/stm32l4xx_it.o" --specs=nano.specs -mfpu=fpv4-sp-d16 -mfloat-abi=hard -mthumb -o "Core/Src/stm32l4xx_it.o"
arm-none-eabi-gcc "../Core/Src/system_stm32l4xx.c" -mcpu=cortex-m4 -std=gnu11 -g3 -DDEBUG -DUSE_HAL_DRIVER -DSTM32L4R5xx -c -I../Core/Inc -I../Drivers/STM32L4xx_HAL_Driver/Inc -I../Drivers/STM32L4xx_HAL_Driver/Inc/Legacy -I../Drivers/CMSIS/Device/ST/STM32L4xx/Include -I../Drivers/CMSIS/Include -O0 -ffunction-sections -fdata-sections -Wall -fstack-usage -fcyclomatic-complexity -MMD -MP -MF"Core/Src/system_stm32l4xx.d" -MT"Core/Src/system_stm32l4xx.o" --specs=nano.specs -mfpu=fpv4-sp-d16 -mfloat-abi=hard -mthumb -o "Core/Src/system_stm32l4xx.o"
arm-none-eabi-gcc -o "XBee.elf" @"objects.list"   -mcpu=cortex-m4 -T"/Users/finn/Spider/XBee/STM32L4R5ZITXP_FLASH.ld" --specs=nosys.specs -Wl,-Map="XBee.map" -Wl,--gc-sections -static --specs=nano.specs -mfpu=fpv4-sp-d16 -mfloat-abi=hard -mthumb -u _printf_float -Wl,--start-group -lc -lm -Wl,--end-group
Finished building target: XBee.elf
 
arm-none-eabi-size  XBee.elf 
arm-none-eabi-objdump -h -S XBee.elf  > "XBee.list"
   text	   data	    bss	    dec	    hex	filename
  32172	    476	   2204	  34852	   8824	XBee.elf
Finished building: default.size.stdout
 
Finished building: XBee.list
 
11:21:56 **** Incremental Build of configuration Debug for project XBee ****
make -j9 all 
arm-none-eabi-gcc "../Core/Src/main.c" -mcpu=cortex-m4 -std=gnu11 -g3 -DDEBUG -DUSE_HAL_DRIVER -DSTM32L4R5xx -c -I../Core/Inc -I../Drivers/STM32L4xx_HAL_Driver/Inc -I../Drivers/STM32L4xx_HAL_Driver/Inc/Legacy -I../Drivers/CMSIS/Device/ST/STM32L4xx/Include -I../Drivers/CMSIS/Include -O0 -ffunction-sections -fdata-sections -Wall -fstack-usage -fcyclomatic-complexity -MMD -MP -MF"Core/Src/main.d" -MT"Core/Src/main.o" --specs=nano.specs -mfpu=fpv4-sp-d16 -mfloat-abi=hard -mthumb -o "Core/Src/main.o"
../Core/Src/main.c: In function 'HAL_UART_RxCpltCallback':
../Core/Src/main.c:106:29: warning: format '%x' expects argument of type 'unsigned int', but argument 2 has type 'uint8_t *' {aka 'unsigned char *'} [-Wformat=]
  106 |     printf("Received data: %x", rx_data);
      |                            ~^   ~~~~~~~
      |                             |   |
      |                             |   uint8_t * {aka unsigned char *}
      |                             unsigned int
      |                            %hhn
At top level:
../Core/Src/main.c:101:8: warning: 'HAL_UART_RxCpltCallback' defined but not used [-Wunused-function]
  101 |   void HAL_UART_RxCpltCallback(UART_HandleTypeDef *huart)
      |        ^~~~~~~~~~~~~~~~~~~~~~~
arm-none-eabi-gcc -o "XBee.elf" @"objects.list"   -mcpu=cortex-m4 -T"/Users/finn/Spider/XBee/STM32L4R5ZITXP_FLASH.ld" --specs=nosys.specs -Wl,-Map="XBee.map" -Wl,--gc-sections -static --specs=nano.specs -mfpu=fpv4-sp-d16 -mfloat-abi=hard -mthumb -u _printf_float -Wl,--start-group -lc -lm -Wl,--end-group
Finished building target: XBee.elf
 
arm-none-eabi-size  XBee.elf 
arm-none-eabi-objdump -h -S XBee.elf  > "XBee.list"
   text	   data	    bss	    dec	    hex	filename
  35564	    476	   2204	  38244	   9564	XBee.elf
Finished building: default.size.stdout
 
Finished building: XBee.list
 
11:22:52 **** Incremental Build of configuration Debug for project XBee ****
make -j9 all 
arm-none-eabi-gcc "../Core/Src/main.c" -mcpu=cortex-m4 -std=gnu11 -g3 -DDEBUG -DUSE_HAL_DRIVER -DSTM32L4R5xx -c -I../Core/Inc -I../Drivers/STM32L4xx_HAL_Driver/Inc -I../Drivers/STM32L4xx_HAL_Driver/Inc/Legacy -I../Drivers/CMSIS/Device/ST/STM32L4xx/Include -I../Drivers/CMSIS/Include -O0 -ffunction-sections -fdata-sections -Wall -fstack-usage -fcyclomatic-complexity -MMD -MP -MF"Core/Src/main.d" -MT"Core/Src/main.o" --specs=nano.specs -mfpu=fpv4-sp-d16 -mfloat-abi=hard -mthumb -o "Core/Src/main.o"
../Core/Src/main.c: In function 'HAL_UART_RxCpltCallback':
../Core/Src/main.c:513:32: error: 'rx_data' undeclared (first use in this function)
  513 |    printf("Received data: %x", rx_data);
      |                                ^~~~~~~
../Core/Src/main.c:513:32: note: each undeclared identifier is reported only once for each function it appears in
make: *** [Core/Src/subdir.mk:34: Core/Src/main.o] Error 1
"make -j9 all" terminated with exit code 2. Build might be incomplete.
11:23:37 **** Incremental Build of configuration Debug for project XBee ****
make -j9 all 
arm-none-eabi-gcc "../Core/Src/main.c" -mcpu=cortex-m4 -std=gnu11 -g3 -DDEBUG -DUSE_HAL_DRIVER -DSTM32L4R5xx -c -I../Core/Inc -I../Drivers/STM32L4xx_HAL_Driver/Inc -I../Drivers/STM32L4xx_HAL_Driver/Inc/Legacy -I../Drivers/CMSIS/Device/ST/STM32L4xx/Include -I../Drivers/CMSIS/Include -O0 -ffunction-sections -fdata-sections -Wall -fstack-usage -fcyclomatic-complexity -MMD -MP -MF"Core/Src/main.d" -MT"Core/Src/main.o" --specs=nano.specs -mfpu=fpv4-sp-d16 -mfloat-abi=hard -mthumb -o "Core/Src/main.o"
../Core/Src/main.c: In function 'HAL_UART_RxCpltCallback':
../Core/Src/main.c:513:28: warning: format '%x' expects argument of type 'unsigned int', but argument 2 has type 'uint8_t *' {aka 'unsigned char *'} [-Wformat=]
  513 |    printf("Received data: %x", rx_data);
      |                           ~^   ~~~~~~~
      |                            |   |
      |                            |   uint8_t * {aka unsigned char *}
      |                            unsigned int
      |                           %hhn
arm-none-eabi-gcc -o "XBee.elf" @"objects.list"   -mcpu=cortex-m4 -T"/Users/finn/Spider/XBee/STM32L4R5ZITXP_FLASH.ld" --specs=nosys.specs -Wl,-Map="XBee.map" -Wl,--gc-sections -static --specs=nano.specs -mfpu=fpv4-sp-d16 -mfloat-abi=hard -mthumb -u _printf_float -Wl,--start-group -lc -lm -Wl,--end-group
Finished building target: XBee.elf
 
arm-none-eabi-size  XBee.elf 
arm-none-eabi-objdump -h -S XBee.elf  > "XBee.list"
   text	   data	    bss	    dec	    hex	filename
  35592	    484	   2204	  38280	   9588	XBee.elf
Finished building: default.size.stdout
 
Finished building: XBee.list
 
11:24:43 **** Incremental Build of configuration Debug for project XBee ****
make -j9 all 
arm-none-eabi-size  XBee.elf 
   text	   data	    bss	    dec	    hex	filename
  35592	    484	   2204	  38280	   9588	XBee.elf
Finished building: default.size.stdout
 
11:27:06 **** Incremental Build of configuration Debug for project XBee ****
make -j9 all 
arm-none-eabi-size  XBee.elf 
   text	   data	    bss	    dec	    hex	filename
  35592	    484	   2204	  38280	   9588	XBee.elf
Finished building: default.size.stdout
 
11:27:09 **** Incremental Build of configuration Debug for project XBee ****
make -j9 all 
arm-none-eabi-size  XBee.elf 
   text	   data	    bss	    dec	    hex	filename
  35592	    484	   2204	  38280	   9588	XBee.elf
Finished building: default.size.stdout
 
11:28:30 **** Incremental Build of configuration Debug for project XBee ****
make -j9 all 
arm-none-eabi-gcc "../Core/Src/main.c" -mcpu=cortex-m4 -std=gnu11 -g3 -DDEBUG -DUSE_HAL_DRIVER -DSTM32L4R5xx -c -I../Core/Inc -I../Drivers/STM32L4xx_HAL_Driver/Inc -I../Drivers/STM32L4xx_HAL_Driver/Inc/Legacy -I../Drivers/CMSIS/Device/ST/STM32L4xx/Include -I../Drivers/CMSIS/Include -O0 -ffunction-sections -fdata-sections -Wall -fstack-usage -fcyclomatic-complexity -MMD -MP -MF"Core/Src/main.d" -MT"Core/Src/main.o" --specs=nano.specs -mfpu=fpv4-sp-d16 -mfloat-abi=hard -mthumb -o "Core/Src/main.o"
../Core/Src/main.c: In function 'HAL_UART_RxCpltCallback':
../Core/Src/main.c:513:28: warning: format '%x' expects argument of type 'unsigned int', but argument 2 has type 'uint8_t *' {aka 'unsigned char *'} [-Wformat=]
  513 |    printf("Received data: %x", rx_data);
      |                           ~^   ~~~~~~~
      |                            |   |
      |                            |   uint8_t * {aka unsigned char *}
      |                            unsigned int
      |                           %hhn
arm-none-eabi-gcc -o "XBee.elf" @"objects.list"   -mcpu=cortex-m4 -T"/Users/finn/Spider/XBee/STM32L4R5ZITXP_FLASH.ld" --specs=nosys.specs -Wl,-Map="XBee.map" -Wl,--gc-sections -static --specs=nano.specs -mfpu=fpv4-sp-d16 -mfloat-abi=hard -mthumb -u _printf_float -Wl,--start-group -lc -lm -Wl,--end-group
Finished building target: XBee.elf
 
arm-none-eabi-size  XBee.elf 
arm-none-eabi-objdump -h -S XBee.elf  > "XBee.list"
   text	   data	    bss	    dec	    hex	filename
  32144	    484	   2204	  34832	   8810	XBee.elf
Finished building: default.size.stdout
 
Finished building: XBee.list
 
11:29:40 **** Incremental Build of configuration Debug for project XBee ****
make -j9 all 
arm-none-eabi-gcc "../Core/Src/main.c" -mcpu=cortex-m4 -std=gnu11 -g3 -DDEBUG -DUSE_HAL_DRIVER -DSTM32L4R5xx -c -I../Core/Inc -I../Drivers/STM32L4xx_HAL_Driver/Inc -I../Drivers/STM32L4xx_HAL_Driver/Inc/Legacy -I../Drivers/CMSIS/Device/ST/STM32L4xx/Include -I../Drivers/CMSIS/Include -O0 -ffunction-sections -fdata-sections -Wall -fstack-usage -fcyclomatic-complexity -MMD -MP -MF"Core/Src/main.d" -MT"Core/Src/main.o" --specs=nano.specs -mfpu=fpv4-sp-d16 -mfloat-abi=hard -mthumb -o "Core/Src/main.o"
../Core/Src/main.c: In function 'HAL_UART_RxCpltCallback':
../Core/Src/main.c:513:28: warning: format '%x' expects argument of type 'unsigned int', but argument 2 has type 'uint8_t *' {aka 'unsigned char *'} [-Wformat=]
  513 |    printf("Received data: %x", rx_data);
      |                           ~^   ~~~~~~~
      |                            |   |
      |                            |   uint8_t * {aka unsigned char *}
      |                            unsigned int
      |                           %hhn
arm-none-eabi-gcc -o "XBee.elf" @"objects.list"   -mcpu=cortex-m4 -T"/Users/finn/Spider/XBee/STM32L4R5ZITXP_FLASH.ld" --specs=nosys.specs -Wl,-Map="XBee.map" -Wl,--gc-sections -static --specs=nano.specs -mfpu=fpv4-sp-d16 -mfloat-abi=hard -mthumb -u _printf_float -Wl,--start-group -lc -lm -Wl,--end-group
Finished building target: XBee.elf
 
arm-none-eabi-size  XBee.elf 
arm-none-eabi-objdump -h -S XBee.elf  > "XBee.list"
   text	   data	    bss	    dec	    hex	filename
  35592	    484	   2204	  38280	   9588	XBee.elf
Finished building: default.size.stdout
 
Finished building: XBee.list
 
11:30:54 **** Incremental Build of configuration Debug for project XBee ****
make -j9 all 
arm-none-eabi-gcc "../Core/Src/stm32l4xx_it.c" -mcpu=cortex-m4 -std=gnu11 -g3 -DDEBUG -DUSE_HAL_DRIVER -DSTM32L4R5xx -c -I../Core/Inc -I../Drivers/STM32L4xx_HAL_Driver/Inc -I../Drivers/STM32L4xx_HAL_Driver/Inc/Legacy -I../Drivers/CMSIS/Device/ST/STM32L4xx/Include -I../Drivers/CMSIS/Include -O0 -ffunction-sections -fdata-sections -Wall -fstack-usage -fcyclomatic-complexity -MMD -MP -MF"Core/Src/stm32l4xx_it.d" -MT"Core/Src/stm32l4xx_it.o" --specs=nano.specs -mfpu=fpv4-sp-d16 -mfloat-abi=hard -mthumb -o "Core/Src/stm32l4xx_it.o"
../Core/Src/stm32l4xx_it.c: In function 'USART2_IRQHandler':
../Core/Src/stm32l4xx_it.c:207:27: error: expected expression before 'UART_HandleTypeDef'
  207 |   HAL_UART_RxCpltCallback(UART_HandleTypeDef *huart2);
      |                           ^~~~~~~~~~~~~~~~~~
make: *** [Core/Src/subdir.mk:34: Core/Src/stm32l4xx_it.o] Error 1
"make -j9 all" terminated with exit code 2. Build might be incomplete.
11:31:13 **** Incremental Build of configuration Debug for project XBee ****
make -j9 all 
arm-none-eabi-gcc "../Core/Src/stm32l4xx_it.c" -mcpu=cortex-m4 -std=gnu11 -g3 -DDEBUG -DUSE_HAL_DRIVER -DSTM32L4R5xx -c -I../Core/Inc -I../Drivers/STM32L4xx_HAL_Driver/Inc -I../Drivers/STM32L4xx_HAL_Driver/Inc/Legacy -I../Drivers/CMSIS/Device/ST/STM32L4xx/Include -I../Drivers/CMSIS/Include -O0 -ffunction-sections -fdata-sections -Wall -fstack-usage -fcyclomatic-complexity -MMD -MP -MF"Core/Src/stm32l4xx_it.d" -MT"Core/Src/stm32l4xx_it.o" --specs=nano.specs -mfpu=fpv4-sp-d16 -mfloat-abi=hard -mthumb -o "Core/Src/stm32l4xx_it.o"
arm-none-eabi-gcc -o "XBee.elf" @"objects.list"   -mcpu=cortex-m4 -T"/Users/finn/Spider/XBee/STM32L4R5ZITXP_FLASH.ld" --specs=nosys.specs -Wl,-Map="XBee.map" -Wl,--gc-sections -static --specs=nano.specs -mfpu=fpv4-sp-d16 -mfloat-abi=hard -mthumb -u _printf_float -Wl,--start-group -lc -lm -Wl,--end-group
Finished building target: XBee.elf
 
arm-none-eabi-size  XBee.elf 
arm-none-eabi-objdump -h -S XBee.elf  > "XBee.list"
   text	   data	    bss	    dec	    hex	filename
  35600	    484	   2204	  38288	   9590	XBee.elf
Finished building: default.size.stdout
 
Finished building: XBee.list
 
11:31:44 **** Incremental Build of configuration Debug for project XBee ****
make -j9 all 
arm-none-eabi-size  XBee.elf 
   text	   data	    bss	    dec	    hex	filename
  35600	    484	   2204	  38288	   9590	XBee.elf
Finished building: default.size.stdout
 
11:32:32 **** Incremental Build of configuration Debug for project XBee ****
make -j9 all 
arm-none-eabi-gcc "../Core/Src/main.c" -mcpu=cortex-m4 -std=gnu11 -g3 -DDEBUG -DUSE_HAL_DRIVER -DSTM32L4R5xx -c -I../Core/Inc -I../Drivers/STM32L4xx_HAL_Driver/Inc -I../Drivers/STM32L4xx_HAL_Driver/Inc/Legacy -I../Drivers/CMSIS/Device/ST/STM32L4xx/Include -I../Drivers/CMSIS/Include -O0 -ffunction-sections -fdata-sections -Wall -fstack-usage -fcyclomatic-complexity -MMD -MP -MF"Core/Src/main.d" -MT"Core/Src/main.o" --specs=nano.specs -mfpu=fpv4-sp-d16 -mfloat-abi=hard -mthumb -o "Core/Src/main.o"
../Core/Src/main.c: In function 'HAL_UART_RxCpltCallback':
../Core/Src/main.c:514:28: warning: format '%x' expects argument of type 'unsigned int', but argument 2 has type 'uint8_t *' {aka 'unsigned char *'} [-Wformat=]
  514 |    printf("Received data: %x", rx_data);
      |                           ~^   ~~~~~~~
      |                            |   |
      |                            |   uint8_t * {aka unsigned char *}
      |                            unsigned int
      |                           %hhn
arm-none-eabi-gcc -o "XBee.elf" @"objects.list"   -mcpu=cortex-m4 -T"/Users/finn/Spider/XBee/STM32L4R5ZITXP_FLASH.ld" --specs=nosys.specs -Wl,-Map="XBee.map" -Wl,--gc-sections -static --specs=nano.specs -mfpu=fpv4-sp-d16 -mfloat-abi=hard -mthumb -u _printf_float -Wl,--start-group -lc -lm -Wl,--end-group
Finished building target: XBee.elf
 
arm-none-eabi-size  XBee.elf 
arm-none-eabi-objdump -h -S XBee.elf  > "XBee.list"
   text	   data	    bss	    dec	    hex	filename
  35800	    484	   2204	  38488	   9658	XBee.elf
Finished building: default.size.stdout
 
Finished building: XBee.list
 
11:33:38 **** Incremental Build of configuration Debug for project XBee ****
make -j9 all 
arm-none-eabi-gcc "../Core/Src/main.c" -mcpu=cortex-m4 -std=gnu11 -g3 -DDEBUG -DUSE_HAL_DRIVER -DSTM32L4R5xx -c -I../Core/Inc -I../Drivers/STM32L4xx_HAL_Driver/Inc -I../Drivers/STM32L4xx_HAL_Driver/Inc/Legacy -I../Drivers/CMSIS/Device/ST/STM32L4xx/Include -I../Drivers/CMSIS/Include -O0 -ffunction-sections -fdata-sections -Wall -fstack-usage -fcyclomatic-complexity -MMD -MP -MF"Core/Src/main.d" -MT"Core/Src/main.o" --specs=nano.specs -mfpu=fpv4-sp-d16 -mfloat-abi=hard -mthumb -o "Core/Src/main.o"
../Core/Src/main.c: In function 'HAL_UART_RxCpltCallback':
../Core/Src/main.c:513:28: warning: format '%x' expects argument of type 'unsigned int', but argument 2 has type 'uint8_t *' {aka 'unsigned char *'} [-Wformat=]
  513 |    printf("Received data: %x\n", rx_data);
      |                           ~^     ~~~~~~~
      |                            |     |
      |                            |     uint8_t * {aka unsigned char *}
      |                            unsigned int
      |                           %hhn
arm-none-eabi-gcc -o "XBee.elf" @"objects.list"   -mcpu=cortex-m4 -T"/Users/finn/Spider/XBee/STM32L4R5ZITXP_FLASH.ld" --specs=nosys.specs -Wl,-Map="XBee.map" -Wl,--gc-sections -static --specs=nano.specs -mfpu=fpv4-sp-d16 -mfloat-abi=hard -mthumb -u _printf_float -Wl,--start-group -lc -lm -Wl,--end-group
Finished building target: XBee.elf
 
arm-none-eabi-size  XBee.elf 
arm-none-eabi-objdump -h -S XBee.elf  > "XBee.list"
   text	   data	    bss	    dec	    hex	filename
  35600	    484	   2204	  38288	   9590	XBee.elf
Finished building: default.size.stdout
 
Finished building: XBee.list
 
11:35:02 **** Incremental Build of configuration Debug for project XBee ****
make -j9 all 
arm-none-eabi-gcc "../Core/Src/main.c" -mcpu=cortex-m4 -std=gnu11 -g3 -DDEBUG -DUSE_HAL_DRIVER -DSTM32L4R5xx -c -I../Core/Inc -I../Drivers/STM32L4xx_HAL_Driver/Inc -I../Drivers/STM32L4xx_HAL_Driver/Inc/Legacy -I../Drivers/CMSIS/Device/ST/STM32L4xx/Include -I../Drivers/CMSIS/Include -O0 -ffunction-sections -fdata-sections -Wall -fstack-usage -fcyclomatic-complexity -MMD -MP -MF"Core/Src/main.d" -MT"Core/Src/main.o" --specs=nano.specs -mfpu=fpv4-sp-d16 -mfloat-abi=hard -mthumb -o "Core/Src/main.o"
../Core/Src/main.c: In function 'HAL_UART_RxCpltCallback':
../Core/Src/main.c:513:28: warning: format '%x' expects argument of type 'unsigned int', but argument 2 has type 'uint8_t *' {aka 'unsigned char *'} [-Wformat=]
  513 |    printf("Received data: %x\n", rx_data);
      |                           ~^     ~~~~~~~
      |                            |     |
      |                            |     uint8_t * {aka unsigned char *}
      |                            unsigned int
      |                           %hhn
arm-none-eabi-gcc -o "XBee.elf" @"objects.list"   -mcpu=cortex-m4 -T"/Users/finn/Spider/XBee/STM32L4R5ZITXP_FLASH.ld" --specs=nosys.specs -Wl,-Map="XBee.map" -Wl,--gc-sections -static --specs=nano.specs -mfpu=fpv4-sp-d16 -mfloat-abi=hard -mthumb -u _printf_float -Wl,--start-group -lc -lm -Wl,--end-group
Finished building target: XBee.elf
 
arm-none-eabi-size  XBee.elf 
arm-none-eabi-objdump -h -S XBee.elf  > "XBee.list"
   text	   data	    bss	    dec	    hex	filename
  35600	    484	   2204	  38288	   9590	XBee.elf
Finished building: default.size.stdout
 
Finished building: XBee.list
 
11:35:13 **** Incremental Build of configuration Debug for project XBee ****
make -j9 all 
arm-none-eabi-gcc "../Core/Src/main.c" -mcpu=cortex-m4 -std=gnu11 -g3 -DDEBUG -DUSE_HAL_DRIVER -DSTM32L4R5xx -c -I../Core/Inc -I../Drivers/STM32L4xx_HAL_Driver/Inc -I../Drivers/STM32L4xx_HAL_Driver/Inc/Legacy -I../Drivers/CMSIS/Device/ST/STM32L4xx/Include -I../Drivers/CMSIS/Include -O0 -ffunction-sections -fdata-sections -Wall -fstack-usage -fcyclomatic-complexity -MMD -MP -MF"Core/Src/main.d" -MT"Core/Src/main.o" --specs=nano.specs -mfpu=fpv4-sp-d16 -mfloat-abi=hard -mthumb -o "Core/Src/main.o"
../Core/Src/main.c: In function 'HAL_UART_RxCpltCallback':
../Core/Src/main.c:514:28: warning: format '%x' expects argument of type 'unsigned int', but argument 2 has type 'uint8_t *' {aka 'unsigned char *'} [-Wformat=]
  514 |    printf("Received data: %x\n", rx_data);
      |                           ~^     ~~~~~~~
      |                            |     |
      |                            |     uint8_t * {aka unsigned char *}
      |                            unsigned int
      |                           %hhn
arm-none-eabi-gcc -o "XBee.elf" @"objects.list"   -mcpu=cortex-m4 -T"/Users/finn/Spider/XBee/STM32L4R5ZITXP_FLASH.ld" --specs=nosys.specs -Wl,-Map="XBee.map" -Wl,--gc-sections -static --specs=nano.specs -mfpu=fpv4-sp-d16 -mfloat-abi=hard -mthumb -u _printf_float -Wl,--start-group -lc -lm -Wl,--end-group
Finished building target: XBee.elf
 
arm-none-eabi-size  XBee.elf 
arm-none-eabi-objdump -h -S XBee.elf  > "XBee.list"
   text	   data	    bss	    dec	    hex	filename
  35608	    484	   2204	  38296	   9598	XBee.elf
Finished building: default.size.stdout
 
Finished building: XBee.list
 
11:35:54 **** Incremental Build of configuration Debug for project XBee ****
make -j9 all 
arm-none-eabi-gcc "../Core/Src/main.c" -mcpu=cortex-m4 -std=gnu11 -g3 -DDEBUG -DUSE_HAL_DRIVER -DSTM32L4R5xx -c -I../Core/Inc -I../Drivers/STM32L4xx_HAL_Driver/Inc -I../Drivers/STM32L4xx_HAL_Driver/Inc/Legacy -I../Drivers/CMSIS/Device/ST/STM32L4xx/Include -I../Drivers/CMSIS/Include -O0 -ffunction-sections -fdata-sections -Wall -fstack-usage -fcyclomatic-complexity -MMD -MP -MF"Core/Src/main.d" -MT"Core/Src/main.o" --specs=nano.specs -mfpu=fpv4-sp-d16 -mfloat-abi=hard -mthumb -o "Core/Src/main.o"
../Core/Src/main.c: In function 'HAL_UART_RxCpltCallback':
../Core/Src/main.c:514:28: warning: format '%x' expects argument of type 'unsigned int', but argument 2 has type 'uint8_t *' {aka 'unsigned char *'} [-Wformat=]
  514 |    printf("Received data: %x\n", rx_data);
      |                           ~^     ~~~~~~~
      |                            |     |
      |                            |     uint8_t * {aka unsigned char *}
      |                            unsigned int
      |                           %hhn
arm-none-eabi-gcc -o "XBee.elf" @"objects.list"   -mcpu=cortex-m4 -T"/Users/finn/Spider/XBee/STM32L4R5ZITXP_FLASH.ld" --specs=nosys.specs -Wl,-Map="XBee.map" -Wl,--gc-sections -static --specs=nano.specs -mfpu=fpv4-sp-d16 -mfloat-abi=hard -mthumb -u _printf_float -Wl,--start-group -lc -lm -Wl,--end-group
Finished building target: XBee.elf
 
arm-none-eabi-size  XBee.elf 
arm-none-eabi-objdump -h -S XBee.elf  > "XBee.list"
   text	   data	    bss	    dec	    hex	filename
  35600	    484	   2204	  38288	   9590	XBee.elf
Finished building: default.size.stdout
 
Finished building: XBee.list
 
11:36:50 **** Incremental Build of configuration Debug for project XBee ****
make -j9 all 
arm-none-eabi-size  XBee.elf 
   text	   data	    bss	    dec	    hex	filename
  35600	    484	   2204	  38288	   9590	XBee.elf
Finished building: default.size.stdout
 
11:40:11 **** Incremental Build of configuration Debug for project XBee ****
make -j9 all 
arm-none-eabi-gcc "../Core/Src/main.c" -mcpu=cortex-m4 -std=gnu11 -g3 -DDEBUG -DUSE_HAL_DRIVER -DSTM32L4R5xx -c -I../Core/Inc -I../Drivers/STM32L4xx_HAL_Driver/Inc -I../Drivers/STM32L4xx_HAL_Driver/Inc/Legacy -I../Drivers/CMSIS/Device/ST/STM32L4xx/Include -I../Drivers/CMSIS/Include -O0 -ffunction-sections -fdata-sections -Wall -fstack-usage -fcyclomatic-complexity -MMD -MP -MF"Core/Src/main.d" -MT"Core/Src/main.o" --specs=nano.specs -mfpu=fpv4-sp-d16 -mfloat-abi=hard -mthumb -o "Core/Src/main.o"
../Core/Src/main.c: In function 'HAL_UART_RxCpltCallback':
../Core/Src/main.c:514:28: warning: format '%x' expects argument of type 'unsigned int', but argument 2 has type 'uint8_t *' {aka 'unsigned char *'} [-Wformat=]
  514 |    printf("Received data: %x\n", rx_data);
      |                           ~^     ~~~~~~~
      |                            |     |
      |                            |     uint8_t * {aka unsigned char *}
      |                            unsigned int
      |                           %hhn
arm-none-eabi-gcc -o "XBee.elf" @"objects.list"   -mcpu=cortex-m4 -T"/Users/finn/Spider/XBee/STM32L4R5ZITXP_FLASH.ld" --specs=nosys.specs -Wl,-Map="XBee.map" -Wl,--gc-sections -static --specs=nano.specs -mfpu=fpv4-sp-d16 -mfloat-abi=hard -mthumb -u _printf_float -Wl,--start-group -lc -lm -Wl,--end-group
Finished building target: XBee.elf
 
arm-none-eabi-size  XBee.elf 
arm-none-eabi-objdump -h -S XBee.elf  > "XBee.list"
   text	   data	    bss	    dec	    hex	filename
  35600	    484	   2204	  38288	   9590	XBee.elf
Finished building: default.size.stdout
 
Finished building: XBee.list
 
11:41:11 **** Incremental Build of configuration Debug for project XBee ****
make -j9 all 
arm-none-eabi-gcc "../Core/Src/main.c" -mcpu=cortex-m4 -std=gnu11 -g3 -DDEBUG -DUSE_HAL_DRIVER -DSTM32L4R5xx -c -I../Core/Inc -I../Drivers/STM32L4xx_HAL_Driver/Inc -I../Drivers/STM32L4xx_HAL_Driver/Inc/Legacy -I../Drivers/CMSIS/Device/ST/STM32L4xx/Include -I../Drivers/CMSIS/Include -O0 -ffunction-sections -fdata-sections -Wall -fstack-usage -fcyclomatic-complexity -MMD -MP -MF"Core/Src/main.d" -MT"Core/Src/main.o" --specs=nano.specs -mfpu=fpv4-sp-d16 -mfloat-abi=hard -mthumb -o "Core/Src/main.o"
../Core/Src/main.c: In function 'HAL_UART_RxCpltCallback':
../Core/Src/main.c:514:28: warning: format '%x' expects argument of type 'unsigned int', but argument 2 has type 'uint8_t *' {aka 'unsigned char *'} [-Wformat=]
  514 |    printf("Received data: %x\n", rx_data);
      |                           ~^     ~~~~~~~
      |                            |     |
      |                            |     uint8_t * {aka unsigned char *}
      |                            unsigned int
      |                           %hhn
arm-none-eabi-gcc -o "XBee.elf" @"objects.list"   -mcpu=cortex-m4 -T"/Users/finn/Spider/XBee/STM32L4R5ZITXP_FLASH.ld" --specs=nosys.specs -Wl,-Map="XBee.map" -Wl,--gc-sections -static --specs=nano.specs -mfpu=fpv4-sp-d16 -mfloat-abi=hard -mthumb -u _printf_float -Wl,--start-group -lc -lm -Wl,--end-group
Finished building target: XBee.elf
 
arm-none-eabi-size  XBee.elf 
arm-none-eabi-objdump -h -S XBee.elf  > "XBee.list"
   text	   data	    bss	    dec	    hex	filename
  35600	    476	   2212	  38288	   9590	XBee.elf
Finished building: default.size.stdout
 
Finished building: XBee.list
 
11:42:04 **** Incremental Build of configuration Debug for project XBee ****
make -j9 all 
arm-none-eabi-gcc "../Core/Src/main.c" -mcpu=cortex-m4 -std=gnu11 -g3 -DDEBUG -DUSE_HAL_DRIVER -DSTM32L4R5xx -c -I../Core/Inc -I../Drivers/STM32L4xx_HAL_Driver/Inc -I../Drivers/STM32L4xx_HAL_Driver/Inc/Legacy -I../Drivers/CMSIS/Device/ST/STM32L4xx/Include -I../Drivers/CMSIS/Include -O0 -ffunction-sections -fdata-sections -Wall -fstack-usage -fcyclomatic-complexity -MMD -MP -MF"Core/Src/main.d" -MT"Core/Src/main.o" --specs=nano.specs -mfpu=fpv4-sp-d16 -mfloat-abi=hard -mthumb -o "Core/Src/main.o"
arm-none-eabi-gcc "../Core/Src/stm32l4xx_it.c" -mcpu=cortex-m4 -std=gnu11 -g3 -DDEBUG -DUSE_HAL_DRIVER -DSTM32L4R5xx -c -I../Core/Inc -I../Drivers/STM32L4xx_HAL_Driver/Inc -I../Drivers/STM32L4xx_HAL_Driver/Inc/Legacy -I../Drivers/CMSIS/Device/ST/STM32L4xx/Include -I../Drivers/CMSIS/Include -O0 -ffunction-sections -fdata-sections -Wall -fstack-usage -fcyclomatic-complexity -MMD -MP -MF"Core/Src/stm32l4xx_it.d" -MT"Core/Src/stm32l4xx_it.o" --specs=nano.specs -mfpu=fpv4-sp-d16 -mfloat-abi=hard -mthumb -o "Core/Src/stm32l4xx_it.o"
../Core/Src/main.c: In function 'HAL_UART_RxCpltCallback':
../Core/Src/main.c:514:28: warning: format '%x' expects argument of type 'unsigned int', but argument 2 has type 'uint8_t *' {aka 'unsigned char *'} [-Wformat=]
  514 |    printf("Received data: %x\n", rx_data);
      |                           ~^     ~~~~~~~
      |                            |     |
      |                            |     uint8_t * {aka unsigned char *}
      |                            unsigned int
      |                           %hhn
arm-none-eabi-gcc -o "XBee.elf" @"objects.list"   -mcpu=cortex-m4 -T"/Users/finn/Spider/XBee/STM32L4R5ZITXP_FLASH.ld" --specs=nosys.specs -Wl,-Map="XBee.map" -Wl,--gc-sections -static --specs=nano.specs -mfpu=fpv4-sp-d16 -mfloat-abi=hard -mthumb -u _printf_float -Wl,--start-group -lc -lm -Wl,--end-group
Finished building target: XBee.elf
 
arm-none-eabi-size  XBee.elf 
arm-none-eabi-objdump -h -S XBee.elf  > "XBee.list"
   text	   data	    bss	    dec	    hex	filename
  35600	    476	   2212	  38288	   9590	XBee.elf
Finished building: default.size.stdout
 
Finished building: XBee.list
 
11:44:22 **** Incremental Build of configuration Debug for project XBee ****
make -j9 all 
arm-none-eabi-gcc "../Core/Src/stm32l4xx_it.c" -mcpu=cortex-m4 -std=gnu11 -g3 -DDEBUG -DUSE_HAL_DRIVER -DSTM32L4R5xx -c -I../Core/Inc -I../Drivers/STM32L4xx_HAL_Driver/Inc -I../Drivers/STM32L4xx_HAL_Driver/Inc/Legacy -I../Drivers/CMSIS/Device/ST/STM32L4xx/Include -I../Drivers/CMSIS/Include -O0 -ffunction-sections -fdata-sections -Wall -fstack-usage -fcyclomatic-complexity -MMD -MP -MF"Core/Src/stm32l4xx_it.d" -MT"Core/Src/stm32l4xx_it.o" --specs=nano.specs -mfpu=fpv4-sp-d16 -mfloat-abi=hard -mthumb -o "Core/Src/stm32l4xx_it.o"
arm-none-eabi-gcc -o "XBee.elf" @"objects.list"   -mcpu=cortex-m4 -T"/Users/finn/Spider/XBee/STM32L4R5ZITXP_FLASH.ld" --specs=nosys.specs -Wl,-Map="XBee.map" -Wl,--gc-sections -static --specs=nano.specs -mfpu=fpv4-sp-d16 -mfloat-abi=hard -mthumb -u _printf_float -Wl,--start-group -lc -lm -Wl,--end-group
Finished building target: XBee.elf
 
arm-none-eabi-size  XBee.elf 
arm-none-eabi-objdump -h -S XBee.elf  > "XBee.list"
   text	   data	    bss	    dec	    hex	filename
  35592	    476	   2212	  38280	   9588	XBee.elf
Finished building: default.size.stdout
 
Finished building: XBee.list
 
11:49:47 **** Incremental Build of configuration Debug for project XBee ****
make -j9 all 
arm-none-eabi-gcc "../Core/Src/main.c" -mcpu=cortex-m4 -std=gnu11 -g3 -DDEBUG -DUSE_HAL_DRIVER -DSTM32L4R5xx -c -I../Core/Inc -I../Drivers/STM32L4xx_HAL_Driver/Inc -I../Drivers/STM32L4xx_HAL_Driver/Inc/Legacy -I../Drivers/CMSIS/Device/ST/STM32L4xx/Include -I../Drivers/CMSIS/Include -O0 -ffunction-sections -fdata-sections -Wall -fstack-usage -fcyclomatic-complexity -MMD -MP -MF"Core/Src/main.d" -MT"Core/Src/main.o" --specs=nano.specs -mfpu=fpv4-sp-d16 -mfloat-abi=hard -mthumb -o "Core/Src/main.o"
../Core/Src/main.c: In function 'HAL_UART_RxCpltCallback':
../Core/Src/main.c:514:28: warning: format '%x' expects argument of type 'unsigned int', but argument 2 has type 'uint8_t *' {aka 'unsigned char *'} [-Wformat=]
  514 |    printf("Received data: %x\n", rx_data);
      |                           ~^     ~~~~~~~
      |                            |     |
      |                            |     uint8_t * {aka unsigned char *}
      |                            unsigned int
      |                           %hhn
arm-none-eabi-gcc -o "XBee.elf" @"objects.list"   -mcpu=cortex-m4 -T"/Users/finn/Spider/XBee/STM32L4R5ZITXP_FLASH.ld" --specs=nosys.specs -Wl,-Map="XBee.map" -Wl,--gc-sections -static --specs=nano.specs -mfpu=fpv4-sp-d16 -mfloat-abi=hard -mthumb -u _printf_float -Wl,--start-group -lc -lm -Wl,--end-group
Finished building target: XBee.elf
 
arm-none-eabi-size  XBee.elf 
arm-none-eabi-objdump -h -S XBee.elf  > "XBee.list"
   text	   data	    bss	    dec	    hex	filename
  32128	    476	   2204	  34808	   87f8	XBee.elf
Finished building: default.size.stdout
 
Finished building: XBee.list
 
11:50:14 **** Incremental Build of configuration Debug for project XBee ****
make -j9 all 
arm-none-eabi-gcc "../Core/Src/main.c" -mcpu=cortex-m4 -std=gnu11 -g3 -DDEBUG -DUSE_HAL_DRIVER -DSTM32L4R5xx -c -I../Core/Inc -I../Drivers/STM32L4xx_HAL_Driver/Inc -I../Drivers/STM32L4xx_HAL_Driver/Inc/Legacy -I../Drivers/CMSIS/Device/ST/STM32L4xx/Include -I../Drivers/CMSIS/Include -O0 -ffunction-sections -fdata-sections -Wall -fstack-usage -fcyclomatic-complexity -MMD -MP -MF"Core/Src/main.d" -MT"Core/Src/main.o" --specs=nano.specs -mfpu=fpv4-sp-d16 -mfloat-abi=hard -mthumb -o "Core/Src/main.o"
../Core/Src/main.c: In function 'HAL_UART_RxCpltCallback':
../Core/Src/main.c:514:28: warning: format '%x' expects argument of type 'unsigned int', but argument 2 has type 'uint8_t *' {aka 'unsigned char *'} [-Wformat=]
  514 |    printf("Received data: %x\n", rx_data);
      |                           ~^     ~~~~~~~
      |                            |     |
      |                            |     uint8_t * {aka unsigned char *}
      |                            unsigned int
      |                           %hhn
arm-none-eabi-gcc -o "XBee.elf" @"objects.list"   -mcpu=cortex-m4 -T"/Users/finn/Spider/XBee/STM32L4R5ZITXP_FLASH.ld" --specs=nosys.specs -Wl,-Map="XBee.map" -Wl,--gc-sections -static --specs=nano.specs -mfpu=fpv4-sp-d16 -mfloat-abi=hard -mthumb -u _printf_float -Wl,--start-group -lc -lm -Wl,--end-group
Finished building target: XBee.elf
 
arm-none-eabi-size  XBee.elf 
arm-none-eabi-objdump -h -S XBee.elf  > "XBee.list"
   text	   data	    bss	    dec	    hex	filename
  35592	    476	   2212	  38280	   9588	XBee.elf
Finished building: default.size.stdout
 
Finished building: XBee.list
 
11:55:08 **** Incremental Build of configuration Debug for project XBee ****
make -j9 all 
arm-none-eabi-size  XBee.elf 
   text	   data	    bss	    dec	    hex	filename
  35592	    476	   2212	  38280	   9588	XBee.elf
Finished building: default.size.stdout
 
12:38:40 **** Incremental Build of configuration Debug for project XBee ****
make -j9 all 
arm-none-eabi-gcc "../Core/Src/main.c" -mcpu=cortex-m4 -std=gnu11 -g3 -DDEBUG -DUSE_HAL_DRIVER -DSTM32L4R5xx -c -I../Core/Inc -I../Drivers/STM32L4xx_HAL_Driver/Inc -I../Drivers/STM32L4xx_HAL_Driver/Inc/Legacy -I../Drivers/CMSIS/Device/ST/STM32L4xx/Include -I../Drivers/CMSIS/Include -O0 -ffunction-sections -fdata-sections -Wall -fstack-usage -fcyclomatic-complexity -MMD -MP -MF"Core/Src/main.d" -MT"Core/Src/main.o" --specs=nano.specs -mfpu=fpv4-sp-d16 -mfloat-abi=hard -mthumb -o "Core/Src/main.o"
../Core/Src/main.c: In function 'HAL_UART_RxCpltCallback':
../Core/Src/main.c:514:28: warning: format '%x' expects argument of type 'unsigned int', but argument 2 has type 'uint8_t *' {aka 'unsigned char *'} [-Wformat=]
  514 |    printf("Received data: %x\n", rx_data);
      |                           ~^     ~~~~~~~
      |                            |     |
      |                            |     uint8_t * {aka unsigned char *}
      |                            unsigned int
      |                           %hhn
arm-none-eabi-gcc -o "XBee.elf" @"objects.list"   -mcpu=cortex-m4 -T"/Users/finn/Spider/XBee/STM32L4R5ZITXP_FLASH.ld" --specs=nosys.specs -Wl,-Map="XBee.map" -Wl,--gc-sections -static --specs=nano.specs -mfpu=fpv4-sp-d16 -mfloat-abi=hard -mthumb -u _printf_float -Wl,--start-group -lc -lm -Wl,--end-group
Finished building target: XBee.elf
 
arm-none-eabi-size  XBee.elf 
arm-none-eabi-objdump -h -S XBee.elf  > "XBee.list"
   text	   data	    bss	    dec	    hex	filename
  35592	    476	   2212	  38280	   9588	XBee.elf
Finished building: default.size.stdout
 
Finished building: XBee.list
 
12:49:16 **** Incremental Build of configuration Debug for project XBee ****
make -j9 all 
arm-none-eabi-size  XBee.elf 
   text	   data	    bss	    dec	    hex	filename
  35592	    476	   2212	  38280	   9588	XBee.elf
Finished building: default.size.stdout
 
12:56:01 **** Incremental Build of configuration Debug for project XBee ****
make -j9 all 
arm-none-eabi-size  XBee.elf 
   text	   data	    bss	    dec	    hex	filename
  35592	    476	   2212	  38280	   9588	XBee.elf
Finished building: default.size.stdout
 
12:58:57 **** Incremental Build of configuration Debug for project XBee ****
make -j9 all 
arm-none-eabi-gcc "../Core/Src/main.c" -mcpu=cortex-m4 -std=gnu11 -g3 -DDEBUG -DUSE_HAL_DRIVER -DSTM32L4R5xx -c -I../Core/Inc -I../Drivers/STM32L4xx_HAL_Driver/Inc -I../Drivers/STM32L4xx_HAL_Driver/Inc/Legacy -I../Drivers/CMSIS/Device/ST/STM32L4xx/Include -I../Drivers/CMSIS/Include -O0 -ffunction-sections -fdata-sections -Wall -fstack-usage -fcyclomatic-complexity -MMD -MP -MF"Core/Src/main.d" -MT"Core/Src/main.o" --specs=nano.specs -mfpu=fpv4-sp-d16 -mfloat-abi=hard -mthumb -o "Core/Src/main.o"
../Core/Src/main.c: In function 'HAL_UART_RxCpltCallback':
../Core/Src/main.c:514:28: warning: format '%x' expects argument of type 'unsigned int', but argument 2 has type 'uint8_t *' {aka 'unsigned char *'} [-Wformat=]
  514 |    printf("Received data: %x\n", rx_data);
      |                           ~^     ~~~~~~~
      |                            |     |
      |                            |     uint8_t * {aka unsigned char *}
      |                            unsigned int
      |                           %hhn
arm-none-eabi-gcc -o "XBee.elf" @"objects.list"   -mcpu=cortex-m4 -T"/Users/finn/Spider/XBee/STM32L4R5ZITXP_FLASH.ld" --specs=nosys.specs -Wl,-Map="XBee.map" -Wl,--gc-sections -static --specs=nano.specs -mfpu=fpv4-sp-d16 -mfloat-abi=hard -mthumb -u _printf_float -Wl,--start-group -lc -lm -Wl,--end-group
Finished building target: XBee.elf
 
arm-none-eabi-size  XBee.elf 
arm-none-eabi-objdump -h -S XBee.elf  > "XBee.list"
   text	   data	    bss	    dec	    hex	filename
  35592	    476	   2204	  38272	   9580	XBee.elf
Finished building: default.size.stdout
 
Finished building: XBee.list
 
12:59:31 **** Incremental Build of configuration Debug for project XBee ****
make -j9 all 
arm-none-eabi-size  XBee.elf 
   text	   data	    bss	    dec	    hex	filename
  35592	    476	   2204	  38272	   9580	XBee.elf
Finished building: default.size.stdout
 
13:00:03 **** Incremental Build of configuration Debug for project XBee ****
make -j9 all 
arm-none-eabi-gcc "../Core/Src/main.c" -mcpu=cortex-m4 -std=gnu11 -g3 -DDEBUG -DUSE_HAL_DRIVER -DSTM32L4R5xx -c -I../Core/Inc -I../Drivers/STM32L4xx_HAL_Driver/Inc -I../Drivers/STM32L4xx_HAL_Driver/Inc/Legacy -I../Drivers/CMSIS/Device/ST/STM32L4xx/Include -I../Drivers/CMSIS/Include -O0 -ffunction-sections -fdata-sections -Wall -fstack-usage -fcyclomatic-complexity -MMD -MP -MF"Core/Src/main.d" -MT"Core/Src/main.o" --specs=nano.specs -mfpu=fpv4-sp-d16 -mfloat-abi=hard -mthumb -o "Core/Src/main.o"
../Core/Src/main.c: In function 'HAL_UART_RxCpltCallback':
../Core/Src/main.c:514:28: warning: format '%x' expects argument of type 'unsigned int', but argument 2 has type 'uint8_t *' {aka 'unsigned char *'} [-Wformat=]
  514 |    printf("Received data: %x\n", rx_data);
      |                           ~^     ~~~~~~~
      |                            |     |
      |                            |     uint8_t * {aka unsigned char *}
      |                            unsigned int
      |                           %hhn
arm-none-eabi-gcc -o "XBee.elf" @"objects.list"   -mcpu=cortex-m4 -T"/Users/finn/Spider/XBee/STM32L4R5ZITXP_FLASH.ld" --specs=nosys.specs -Wl,-Map="XBee.map" -Wl,--gc-sections -static --specs=nano.specs -mfpu=fpv4-sp-d16 -mfloat-abi=hard -mthumb -u _printf_float -Wl,--start-group -lc -lm -Wl,--end-group
Finished building target: XBee.elf
 
arm-none-eabi-size  XBee.elf 
arm-none-eabi-objdump -h -S XBee.elf  > "XBee.list"
   text	   data	    bss	    dec	    hex	filename
  35592	    476	   2204	  38272	   9580	XBee.elf
Finished building: default.size.stdout
 
Finished building: XBee.list
 
13:00:18 **** Incremental Build of configuration Debug for project XBee ****
make -j9 all 
arm-none-eabi-size  XBee.elf 
   text	   data	    bss	    dec	    hex	filename
  35592	    476	   2204	  38272	   9580	XBee.elf
Finished building: default.size.stdout
 
13:02:19 **** Incremental Build of configuration Debug for project XBee ****
make -j9 all 
arm-none-eabi-gcc "../Core/Src/main.c" -mcpu=cortex-m4 -std=gnu11 -g3 -DDEBUG -DUSE_HAL_DRIVER -DSTM32L4R5xx -c -I../Core/Inc -I../Drivers/STM32L4xx_HAL_Driver/Inc -I../Drivers/STM32L4xx_HAL_Driver/Inc/Legacy -I../Drivers/CMSIS/Device/ST/STM32L4xx/Include -I../Drivers/CMSIS/Include -O0 -ffunction-sections -fdata-sections -Wall -fstack-usage -fcyclomatic-complexity -MMD -MP -MF"Core/Src/main.d" -MT"Core/Src/main.o" --specs=nano.specs -mfpu=fpv4-sp-d16 -mfloat-abi=hard -mthumb -o "Core/Src/main.o"
../Core/Src/main.c: In function 'HAL_UART_RxCpltCallback':
../Core/Src/main.c:514:28: warning: format '%x' expects argument of type 'unsigned int', but argument 2 has type 'uint8_t *' {aka 'unsigned char *'} [-Wformat=]
  514 |    printf("Received data: %x\n", rx_data);
      |                           ~^     ~~~~~~~
      |                            |     |
      |                            |     uint8_t * {aka unsigned char *}
      |                            unsigned int
      |                           %hhn
arm-none-eabi-gcc -o "XBee.elf" @"objects.list"   -mcpu=cortex-m4 -T"/Users/finn/Spider/XBee/STM32L4R5ZITXP_FLASH.ld" --specs=nosys.specs -Wl,-Map="XBee.map" -Wl,--gc-sections -static --specs=nano.specs -mfpu=fpv4-sp-d16 -mfloat-abi=hard -mthumb -u _printf_float -Wl,--start-group -lc -lm -Wl,--end-group
Finished building target: XBee.elf
 
arm-none-eabi-size  XBee.elf 
arm-none-eabi-objdump -h -S XBee.elf  > "XBee.list"
   text	   data	    bss	    dec	    hex	filename
  35592	    476	   2204	  38272	   9580	XBee.elf
Finished building: default.size.stdout
 
Finished building: XBee.list
 
13:03:17 **** Incremental Build of configuration Debug for project XBee ****
make -j9 all 
arm-none-eabi-size  XBee.elf 
   text	   data	    bss	    dec	    hex	filename
  35592	    476	   2204	  38272	   9580	XBee.elf
Finished building: default.size.stdout
 
13:06:07 **** Incremental Build of configuration Debug for project XBee ****
make -j9 all 
arm-none-eabi-size  XBee.elf 
   text	   data	    bss	    dec	    hex	filename
  35592	    476	   2204	  38272	   9580	XBee.elf
Finished building: default.size.stdout
 
13:07:02 **** Incremental Build of configuration Debug for project XBee ****
make -j9 all 
arm-none-eabi-gcc "../Core/Src/main.c" -mcpu=cortex-m4 -std=gnu11 -g3 -DDEBUG -DUSE_HAL_DRIVER -DSTM32L4R5xx -c -I../Core/Inc -I../Drivers/STM32L4xx_HAL_Driver/Inc -I../Drivers/STM32L4xx_HAL_Driver/Inc/Legacy -I../Drivers/CMSIS/Device/ST/STM32L4xx/Include -I../Drivers/CMSIS/Include -O0 -ffunction-sections -fdata-sections -Wall -fstack-usage -fcyclomatic-complexity -MMD -MP -MF"Core/Src/main.d" -MT"Core/Src/main.o" --specs=nano.specs -mfpu=fpv4-sp-d16 -mfloat-abi=hard -mthumb -o "Core/Src/main.o"
../Core/Src/main.c: In function 'HAL_UART_RxCpltCallback':
../Core/Src/main.c:514:28: warning: format '%x' expects argument of type 'unsigned int', but argument 2 has type 'uint8_t *' {aka 'unsigned char *'} [-Wformat=]
  514 |    printf("Received data: %x\n", rx_data);
      |                           ~^     ~~~~~~~
      |                            |     |
      |                            |     uint8_t * {aka unsigned char *}
      |                            unsigned int
      |                           %hhn
arm-none-eabi-gcc -o "XBee.elf" @"objects.list"   -mcpu=cortex-m4 -T"/Users/finn/Spider/XBee/STM32L4R5ZITXP_FLASH.ld" --specs=nosys.specs -Wl,-Map="XBee.map" -Wl,--gc-sections -static --specs=nano.specs -mfpu=fpv4-sp-d16 -mfloat-abi=hard -mthumb -u _printf_float -Wl,--start-group -lc -lm -Wl,--end-group
Finished building target: XBee.elf
 
arm-none-eabi-size  XBee.elf 
arm-none-eabi-objdump -h -S XBee.elf  > "XBee.list"
   text	   data	    bss	    dec	    hex	filename
  32128	    476	   2204	  34808	   87f8	XBee.elf
Finished building: default.size.stdout
 
Finished building: XBee.list
 
13:07:49 **** Incremental Build of configuration Debug for project XBee ****
make -j9 all 
arm-none-eabi-gcc "../Core/Src/main.c" -mcpu=cortex-m4 -std=gnu11 -g3 -DDEBUG -DUSE_HAL_DRIVER -DSTM32L4R5xx -c -I../Core/Inc -I../Drivers/STM32L4xx_HAL_Driver/Inc -I../Drivers/STM32L4xx_HAL_Driver/Inc/Legacy -I../Drivers/CMSIS/Device/ST/STM32L4xx/Include -I../Drivers/CMSIS/Include -O0 -ffunction-sections -fdata-sections -Wall -fstack-usage -fcyclomatic-complexity -MMD -MP -MF"Core/Src/main.d" -MT"Core/Src/main.o" --specs=nano.specs -mfpu=fpv4-sp-d16 -mfloat-abi=hard -mthumb -o "Core/Src/main.o"
arm-none-eabi-gcc -o "XBee.elf" @"objects.list"   -mcpu=cortex-m4 -T"/Users/finn/Spider/XBee/STM32L4R5ZITXP_FLASH.ld" --specs=nosys.specs -Wl,-Map="XBee.map" -Wl,--gc-sections -static --specs=nano.specs -mfpu=fpv4-sp-d16 -mfloat-abi=hard -mthumb -u _printf_float -Wl,--start-group -lc -lm -Wl,--end-group
Finished building target: XBee.elf
 
arm-none-eabi-size  XBee.elf 
arm-none-eabi-objdump -h -S XBee.elf  > "XBee.list"
   text	   data	    bss	    dec	    hex	filename
  35600	    476	   2204	  38280	   9588	XBee.elf
Finished building: default.size.stdout
 
Finished building: XBee.list
 
13:13:19 **** Incremental Build of configuration Debug for project XBee ****
make -j9 all 
arm-none-eabi-gcc "../Core/Src/main.c" -mcpu=cortex-m4 -std=gnu11 -g3 -DDEBUG -DUSE_HAL_DRIVER -DSTM32L4R5xx -c -I../Core/Inc -I../Drivers/STM32L4xx_HAL_Driver/Inc -I../Drivers/STM32L4xx_HAL_Driver/Inc/Legacy -I../Drivers/CMSIS/Device/ST/STM32L4xx/Include -I../Drivers/CMSIS/Include -O0 -ffunction-sections -fdata-sections -Wall -fstack-usage -fcyclomatic-complexity -MMD -MP -MF"Core/Src/main.d" -MT"Core/Src/main.o" --specs=nano.specs -mfpu=fpv4-sp-d16 -mfloat-abi=hard -mthumb -o "Core/Src/main.o"
../Core/Src/main.c: In function 'main':
../Core/Src/main.c:101:32: warning: passing argument 2 of 'HAL_UART_Receive_IT' from incompatible pointer type [-Wincompatible-pointer-types]
  101 |   HAL_UART_Receive_IT(&huart2, &rx_data, 1);
      |                                ^~~~~~~~
      |                                |
      |                                uint8_t (*)[1] {aka unsigned char (*)[1]}
In file included from ../Core/Inc/stm32l4xx_hal_conf.h:450,
                 from ../Drivers/STM32L4xx_HAL_Driver/Inc/stm32l4xx_hal.h:29,
                 from ../Core/Inc/main.h:30,
                 from ../Core/Src/main.c:20:
../Drivers/STM32L4xx_HAL_Driver/Inc/stm32l4xx_hal_uart.h:1700:75: note: expected 'uint8_t *' {aka 'unsigned char *'} but argument is of type 'uint8_t (*)[1]' {aka 'unsigned char (*)[1]'}
 1700 | HAL_StatusTypeDef HAL_UART_Receive_IT(UART_HandleTypeDef *huart, uint8_t *pData, uint16_t Size);
      |                                                                  ~~~~~~~~~^~~~~
../Core/Src/main.c: In function 'HAL_UART_RxCpltCallback':
../Core/Src/main.c:514:28: warning: format '%x' expects argument of type 'unsigned int', but argument 2 has type 'uint8_t *' {aka 'unsigned char *'} [-Wformat=]
  514 |    printf("Received data: %x\n", rx_data);
      |                           ~^     ~~~~~~~
      |                            |     |
      |                            |     uint8_t * {aka unsigned char *}
      |                            unsigned int
      |                           %hhn
arm-none-eabi-gcc -o "XBee.elf" @"objects.list"   -mcpu=cortex-m4 -T"/Users/finn/Spider/XBee/STM32L4R5ZITXP_FLASH.ld" --specs=nosys.specs -Wl,-Map="XBee.map" -Wl,--gc-sections -static --specs=nano.specs -mfpu=fpv4-sp-d16 -mfloat-abi=hard -mthumb -u _printf_float -Wl,--start-group -lc -lm -Wl,--end-group
Finished building target: XBee.elf
 
arm-none-eabi-size  XBee.elf 
arm-none-eabi-objdump -h -S XBee.elf  > "XBee.list"
   text	   data	    bss	    dec	    hex	filename
  35592	    476	   2204	  38272	   9580	XBee.elf
Finished building: default.size.stdout
 
Finished building: XBee.list
 
13:14:14 **** Incremental Build of configuration Debug for project XBee ****
make -j9 all 
arm-none-eabi-gcc "../Core/Src/main.c" -mcpu=cortex-m4 -std=gnu11 -g3 -DDEBUG -DUSE_HAL_DRIVER -DSTM32L4R5xx -c -I../Core/Inc -I../Drivers/STM32L4xx_HAL_Driver/Inc -I../Drivers/STM32L4xx_HAL_Driver/Inc/Legacy -I../Drivers/CMSIS/Device/ST/STM32L4xx/Include -I../Drivers/CMSIS/Include -O0 -ffunction-sections -fdata-sections -Wall -fstack-usage -fcyclomatic-complexity -MMD -MP -MF"Core/Src/main.d" -MT"Core/Src/main.o" --specs=nano.specs -mfpu=fpv4-sp-d16 -mfloat-abi=hard -mthumb -o "Core/Src/main.o"
../Core/Src/main.c: In function 'HAL_UART_RxCpltCallback':
../Core/Src/main.c:514:28: warning: format '%x' expects argument of type 'unsigned int', but argument 2 has type 'uint8_t *' {aka 'unsigned char *'} [-Wformat=]
  514 |    printf("Received data: %x\n", rx_data);
      |                           ~^     ~~~~~~~
      |                            |     |
      |                            |     uint8_t * {aka unsigned char *}
      |                            unsigned int
      |                           %hhn
arm-none-eabi-gcc -o "XBee.elf" @"objects.list"   -mcpu=cortex-m4 -T"/Users/finn/Spider/XBee/STM32L4R5ZITXP_FLASH.ld" --specs=nosys.specs -Wl,-Map="XBee.map" -Wl,--gc-sections -static --specs=nano.specs -mfpu=fpv4-sp-d16 -mfloat-abi=hard -mthumb -u _printf_float -Wl,--start-group -lc -lm -Wl,--end-group
Finished building target: XBee.elf
 
arm-none-eabi-size  XBee.elf 
arm-none-eabi-objdump -h -S XBee.elf  > "XBee.list"
   text	   data	    bss	    dec	    hex	filename
  35592	    476	   2204	  38272	   9580	XBee.elf
Finished building: default.size.stdout
 
Finished building: XBee.list
 
13:18:46 **** Incremental Build of configuration Debug for project XBee ****
make -j9 all 
arm-none-eabi-gcc "../Core/Src/main.c" -mcpu=cortex-m4 -std=gnu11 -g3 -DDEBUG -DUSE_HAL_DRIVER -DSTM32L4R5xx -c -I../Core/Inc -I../Drivers/STM32L4xx_HAL_Driver/Inc -I../Drivers/STM32L4xx_HAL_Driver/Inc/Legacy -I../Drivers/CMSIS/Device/ST/STM32L4xx/Include -I../Drivers/CMSIS/Include -O0 -ffunction-sections -fdata-sections -Wall -fstack-usage -fcyclomatic-complexity -MMD -MP -MF"Core/Src/main.d" -MT"Core/Src/main.o" --specs=nano.specs -mfpu=fpv4-sp-d16 -mfloat-abi=hard -mthumb -o "Core/Src/main.o"
../Core/Src/main.c: In function 'HAL_UART_RxCpltCallback':
../Core/Src/main.c:514:28: warning: format '%x' expects argument of type 'unsigned int', but argument 2 has type 'uint8_t *' {aka 'unsigned char *'} [-Wformat=]
  514 |    printf("Received data: %x\n", rx_data);
      |                           ~^     ~~~~~~~
      |                            |     |
      |                            |     uint8_t * {aka unsigned char *}
      |                            unsigned int
      |                           %hhn
arm-none-eabi-gcc -o "XBee.elf" @"objects.list"   -mcpu=cortex-m4 -T"/Users/finn/Spider/XBee/STM32L4R5ZITXP_FLASH.ld" --specs=nosys.specs -Wl,-Map="XBee.map" -Wl,--gc-sections -static --specs=nano.specs -mfpu=fpv4-sp-d16 -mfloat-abi=hard -mthumb -u _printf_float -Wl,--start-group -lc -lm -Wl,--end-group
Finished building target: XBee.elf
 
arm-none-eabi-size  XBee.elf 
arm-none-eabi-objdump -h -S XBee.elf  > "XBee.list"
   text	   data	    bss	    dec	    hex	filename
  35592	    476	   2204	  38272	   9580	XBee.elf
Finished building: default.size.stdout
 
Finished building: XBee.list
 
13:20:02 **** Incremental Build of configuration Debug for project XBee ****
make -j9 all 
arm-none-eabi-size  XBee.elf 
   text	   data	    bss	    dec	    hex	filename
  35592	    476	   2204	  38272	   9580	XBee.elf
Finished building: default.size.stdout
 
13:20:42 **** Incremental Build of configuration Debug for project XBee ****
make -j9 all 
arm-none-eabi-gcc "../Core/Src/main.c" -mcpu=cortex-m4 -std=gnu11 -g3 -DDEBUG -DUSE_HAL_DRIVER -DSTM32L4R5xx -c -I../Core/Inc -I../Drivers/STM32L4xx_HAL_Driver/Inc -I../Drivers/STM32L4xx_HAL_Driver/Inc/Legacy -I../Drivers/CMSIS/Device/ST/STM32L4xx/Include -I../Drivers/CMSIS/Include -O0 -ffunction-sections -fdata-sections -Wall -fstack-usage -fcyclomatic-complexity -MMD -MP -MF"Core/Src/main.d" -MT"Core/Src/main.o" --specs=nano.specs -mfpu=fpv4-sp-d16 -mfloat-abi=hard -mthumb -o "Core/Src/main.o"
arm-none-eabi-gcc -o "XBee.elf" @"objects.list"   -mcpu=cortex-m4 -T"/Users/finn/Spider/XBee/STM32L4R5ZITXP_FLASH.ld" --specs=nosys.specs -Wl,-Map="XBee.map" -Wl,--gc-sections -static --specs=nano.specs -mfpu=fpv4-sp-d16 -mfloat-abi=hard -mthumb -u _printf_float -Wl,--start-group -lc -lm -Wl,--end-group
Finished building target: XBee.elf
 
arm-none-eabi-size  XBee.elf 
arm-none-eabi-objdump -h -S XBee.elf  > "XBee.list"
   text	   data	    bss	    dec	    hex	filename
  35600	    476	   2204	  38280	   9588	XBee.elf
Finished building: default.size.stdout
 
Finished building: XBee.list
 
13:22:32 **** Incremental Build of configuration Debug for project XBee ****
make -j9 all 
arm-none-eabi-gcc "../Core/Src/main.c" -mcpu=cortex-m4 -std=gnu11 -g3 -DDEBUG -DUSE_HAL_DRIVER -DSTM32L4R5xx -c -I../Core/Inc -I../Drivers/STM32L4xx_HAL_Driver/Inc -I../Drivers/STM32L4xx_HAL_Driver/Inc/Legacy -I../Drivers/CMSIS/Device/ST/STM32L4xx/Include -I../Drivers/CMSIS/Include -O0 -ffunction-sections -fdata-sections -Wall -fstack-usage -fcyclomatic-complexity -MMD -MP -MF"Core/Src/main.d" -MT"Core/Src/main.o" --specs=nano.specs -mfpu=fpv4-sp-d16 -mfloat-abi=hard -mthumb -o "Core/Src/main.o"
../Core/Src/main.c: In function 'main':
../Core/Src/main.c:101:32: warning: passing argument 2 of 'HAL_UART_Receive_IT' from incompatible pointer type [-Wincompatible-pointer-types]
  101 |   HAL_UART_Receive_IT(&huart2, &rx_data, 2);
      |                                ^~~~~~~~
      |                                |
      |                                uint8_t (*)[2] {aka unsigned char (*)[2]}
In file included from ../Core/Inc/stm32l4xx_hal_conf.h:450,
                 from ../Drivers/STM32L4xx_HAL_Driver/Inc/stm32l4xx_hal.h:29,
                 from ../Core/Inc/main.h:30,
                 from ../Core/Src/main.c:20:
../Drivers/STM32L4xx_HAL_Driver/Inc/stm32l4xx_hal_uart.h:1700:75: note: expected 'uint8_t *' {aka 'unsigned char *'} but argument is of type 'uint8_t (*)[2]' {aka 'unsigned char (*)[2]'}
 1700 | HAL_StatusTypeDef HAL_UART_Receive_IT(UART_HandleTypeDef *huart, uint8_t *pData, uint16_t Size);
      |                                                                  ~~~~~~~~~^~~~~
../Core/Src/main.c: In function 'HAL_UART_RxCpltCallback':
../Core/Src/main.c:514:28: warning: format '%x' expects argument of type 'unsigned int', but argument 2 has type 'uint8_t *' {aka 'unsigned char *'} [-Wformat=]
  514 |    printf("Received data: %x\n", rx_data);
      |                           ~^     ~~~~~~~
      |                            |     |
      |                            |     uint8_t * {aka unsigned char *}
      |                            unsigned int
      |                           %hhn
arm-none-eabi-gcc -o "XBee.elf" @"objects.list"   -mcpu=cortex-m4 -T"/Users/finn/Spider/XBee/STM32L4R5ZITXP_FLASH.ld" --specs=nosys.specs -Wl,-Map="XBee.map" -Wl,--gc-sections -static --specs=nano.specs -mfpu=fpv4-sp-d16 -mfloat-abi=hard -mthumb -u _printf_float -Wl,--start-group -lc -lm -Wl,--end-group
Finished building target: XBee.elf
 
arm-none-eabi-size  XBee.elf 
arm-none-eabi-objdump -h -S XBee.elf  > "XBee.list"
   text	   data	    bss	    dec	    hex	filename
  35592	    476	   2204	  38272	   9580	XBee.elf
Finished building: default.size.stdout
 
Finished building: XBee.list
 
13:23:18 **** Incremental Build of configuration Debug for project XBee ****
make -j9 all 
arm-none-eabi-gcc "../Core/Src/main.c" -mcpu=cortex-m4 -std=gnu11 -g3 -DDEBUG -DUSE_HAL_DRIVER -DSTM32L4R5xx -c -I../Core/Inc -I../Drivers/STM32L4xx_HAL_Driver/Inc -I../Drivers/STM32L4xx_HAL_Driver/Inc/Legacy -I../Drivers/CMSIS/Device/ST/STM32L4xx/Include -I../Drivers/CMSIS/Include -O0 -ffunction-sections -fdata-sections -Wall -fstack-usage -fcyclomatic-complexity -MMD -MP -MF"Core/Src/main.d" -MT"Core/Src/main.o" --specs=nano.specs -mfpu=fpv4-sp-d16 -mfloat-abi=hard -mthumb -o "Core/Src/main.o"
../Core/Src/main.c: In function 'HAL_UART_RxCpltCallback':
../Core/Src/main.c:514:28: warning: format '%x' expects argument of type 'unsigned int', but argument 2 has type 'uint8_t *' {aka 'unsigned char *'} [-Wformat=]
  514 |    printf("Received data: %x\n", rx_data);
      |                           ~^     ~~~~~~~
      |                            |     |
      |                            |     uint8_t * {aka unsigned char *}
      |                            unsigned int
      |                           %hhn
arm-none-eabi-gcc -o "XBee.elf" @"objects.list"   -mcpu=cortex-m4 -T"/Users/finn/Spider/XBee/STM32L4R5ZITXP_FLASH.ld" --specs=nosys.specs -Wl,-Map="XBee.map" -Wl,--gc-sections -static --specs=nano.specs -mfpu=fpv4-sp-d16 -mfloat-abi=hard -mthumb -u _printf_float -Wl,--start-group -lc -lm -Wl,--end-group
Finished building target: XBee.elf
 
arm-none-eabi-size  XBee.elf 
arm-none-eabi-objdump -h -S XBee.elf  > "XBee.list"
   text	   data	    bss	    dec	    hex	filename
  35592	    476	   2204	  38272	   9580	XBee.elf
Finished building: default.size.stdout
 
Finished building: XBee.list
 
13:23:55 **** Incremental Build of configuration Debug for project XBee ****
make -j9 all 
arm-none-eabi-gcc "../Core/Src/main.c" -mcpu=cortex-m4 -std=gnu11 -g3 -DDEBUG -DUSE_HAL_DRIVER -DSTM32L4R5xx -c -I../Core/Inc -I../Drivers/STM32L4xx_HAL_Driver/Inc -I../Drivers/STM32L4xx_HAL_Driver/Inc/Legacy -I../Drivers/CMSIS/Device/ST/STM32L4xx/Include -I../Drivers/CMSIS/Include -O0 -ffunction-sections -fdata-sections -Wall -fstack-usage -fcyclomatic-complexity -MMD -MP -MF"Core/Src/main.d" -MT"Core/Src/main.o" --specs=nano.specs -mfpu=fpv4-sp-d16 -mfloat-abi=hard -mthumb -o "Core/Src/main.o"
arm-none-eabi-gcc -o "XBee.elf" @"objects.list"   -mcpu=cortex-m4 -T"/Users/finn/Spider/XBee/STM32L4R5ZITXP_FLASH.ld" --specs=nosys.specs -Wl,-Map="XBee.map" -Wl,--gc-sections -static --specs=nano.specs -mfpu=fpv4-sp-d16 -mfloat-abi=hard -mthumb -u _printf_float -Wl,--start-group -lc -lm -Wl,--end-group
Finished building target: XBee.elf
 
arm-none-eabi-size  XBee.elf 
arm-none-eabi-objdump -h -S XBee.elf  > "XBee.list"
   text	   data	    bss	    dec	    hex	filename
  35616	    476	   2204	  38296	   9598	XBee.elf
Finished building: default.size.stdout
 
Finished building: XBee.list
 
13:25:57 **** Incremental Build of configuration Debug for project XBee ****
make -j9 all 
arm-none-eabi-gcc "../Core/Src/main.c" -mcpu=cortex-m4 -std=gnu11 -g3 -DDEBUG -DUSE_HAL_DRIVER -DSTM32L4R5xx -c -I../Core/Inc -I../Drivers/STM32L4xx_HAL_Driver/Inc -I../Drivers/STM32L4xx_HAL_Driver/Inc/Legacy -I../Drivers/CMSIS/Device/ST/STM32L4xx/Include -I../Drivers/CMSIS/Include -O0 -ffunction-sections -fdata-sections -Wall -fstack-usage -fcyclomatic-complexity -MMD -MP -MF"Core/Src/main.d" -MT"Core/Src/main.o" --specs=nano.specs -mfpu=fpv4-sp-d16 -mfloat-abi=hard -mthumb -o "Core/Src/main.o"
arm-none-eabi-gcc -o "XBee.elf" @"objects.list"   -mcpu=cortex-m4 -T"/Users/finn/Spider/XBee/STM32L4R5ZITXP_FLASH.ld" --specs=nosys.specs -Wl,-Map="XBee.map" -Wl,--gc-sections -static --specs=nano.specs -mfpu=fpv4-sp-d16 -mfloat-abi=hard -mthumb -u _printf_float -Wl,--start-group -lc -lm -Wl,--end-group
Finished building target: XBee.elf
 
arm-none-eabi-size  XBee.elf 
arm-none-eabi-objdump -h -S XBee.elf  > "XBee.list"
   text	   data	    bss	    dec	    hex	filename
  35616	    476	   2204	  38296	   9598	XBee.elf
Finished building: default.size.stdout
 
Finished building: XBee.list
 
13:27:01 **** Incremental Build of configuration Debug for project XBee ****
make -j9 all 
arm-none-eabi-gcc "../Core/Src/main.c" -mcpu=cortex-m4 -std=gnu11 -g3 -DDEBUG -DUSE_HAL_DRIVER -DSTM32L4R5xx -c -I../Core/Inc -I../Drivers/STM32L4xx_HAL_Driver/Inc -I../Drivers/STM32L4xx_HAL_Driver/Inc/Legacy -I../Drivers/CMSIS/Device/ST/STM32L4xx/Include -I../Drivers/CMSIS/Include -O0 -ffunction-sections -fdata-sections -Wall -fstack-usage -fcyclomatic-complexity -MMD -MP -MF"Core/Src/main.d" -MT"Core/Src/main.o" --specs=nano.specs -mfpu=fpv4-sp-d16 -mfloat-abi=hard -mthumb -o "Core/Src/main.o"
arm-none-eabi-gcc -o "XBee.elf" @"objects.list"   -mcpu=cortex-m4 -T"/Users/finn/Spider/XBee/STM32L4R5ZITXP_FLASH.ld" --specs=nosys.specs -Wl,-Map="XBee.map" -Wl,--gc-sections -static --specs=nano.specs -mfpu=fpv4-sp-d16 -mfloat-abi=hard -mthumb -u _printf_float -Wl,--start-group -lc -lm -Wl,--end-group
Finished building target: XBee.elf
 
arm-none-eabi-size  XBee.elf 
arm-none-eabi-objdump -h -S XBee.elf  > "XBee.list"
   text	   data	    bss	    dec	    hex	filename
  35624	    476	   2204	  38304	   95a0	XBee.elf
Finished building: default.size.stdout
 
Finished building: XBee.list
 
13:36:54 **** Incremental Build of configuration Debug for project XBee ****
make -j9 all 
arm-none-eabi-gcc "../Core/Src/main.c" -mcpu=cortex-m4 -std=gnu11 -g3 -DDEBUG -DUSE_HAL_DRIVER -DSTM32L4R5xx -c -I../Core/Inc -I../Drivers/STM32L4xx_HAL_Driver/Inc -I../Drivers/STM32L4xx_HAL_Driver/Inc/Legacy -I../Drivers/CMSIS/Device/ST/STM32L4xx/Include -I../Drivers/CMSIS/Include -O0 -ffunction-sections -fdata-sections -Wall -fstack-usage -fcyclomatic-complexity -MMD -MP -MF"Core/Src/main.d" -MT"Core/Src/main.o" --specs=nano.specs -mfpu=fpv4-sp-d16 -mfloat-abi=hard -mthumb -o "Core/Src/main.o"
arm-none-eabi-gcc -o "XBee.elf" @"objects.list"   -mcpu=cortex-m4 -T"/Users/finn/Spider/XBee/STM32L4R5ZITXP_FLASH.ld" --specs=nosys.specs -Wl,-Map="XBee.map" -Wl,--gc-sections -static --specs=nano.specs -mfpu=fpv4-sp-d16 -mfloat-abi=hard -mthumb -u _printf_float -Wl,--start-group -lc -lm -Wl,--end-group
Finished building target: XBee.elf
 
arm-none-eabi-size  XBee.elf 
arm-none-eabi-objdump -h -S XBee.elf  > "XBee.list"
   text	   data	    bss	    dec	    hex	filename
  35640	    484	   2204	  38328	   95b8	XBee.elf
Finished building: default.size.stdout
 
Finished building: XBee.list
 
13:39:46 **** Incremental Build of configuration Debug for project XBee ****
make -j9 all 
arm-none-eabi-gcc "../Core/Src/main.c" -mcpu=cortex-m4 -std=gnu11 -g3 -DDEBUG -DUSE_HAL_DRIVER -DSTM32L4R5xx -c -I../Core/Inc -I../Drivers/STM32L4xx_HAL_Driver/Inc -I../Drivers/STM32L4xx_HAL_Driver/Inc/Legacy -I../Drivers/CMSIS/Device/ST/STM32L4xx/Include -I../Drivers/CMSIS/Include -O0 -ffunction-sections -fdata-sections -Wall -fstack-usage -fcyclomatic-complexity -MMD -MP -MF"Core/Src/main.d" -MT"Core/Src/main.o" --specs=nano.specs -mfpu=fpv4-sp-d16 -mfloat-abi=hard -mthumb -o "Core/Src/main.o"
arm-none-eabi-gcc -o "XBee.elf" @"objects.list"   -mcpu=cortex-m4 -T"/Users/finn/Spider/XBee/STM32L4R5ZITXP_FLASH.ld" --specs=nosys.specs -Wl,-Map="XBee.map" -Wl,--gc-sections -static --specs=nano.specs -mfpu=fpv4-sp-d16 -mfloat-abi=hard -mthumb -u _printf_float -Wl,--start-group -lc -lm -Wl,--end-group
Finished building target: XBee.elf
 
arm-none-eabi-size  XBee.elf 
arm-none-eabi-objdump -h -S XBee.elf  > "XBee.list"
   text	   data	    bss	    dec	    hex	filename
  35640	    484	   2204	  38328	   95b8	XBee.elf
Finished building: default.size.stdout
 
Finished building: XBee.list
 
13:40:11 **** Incremental Build of configuration Debug for project XBee ****
make -j9 all 
arm-none-eabi-size  XBee.elf 
   text	   data	    bss	    dec	    hex	filename
  35640	    484	   2204	  38328	   95b8	XBee.elf
Finished building: default.size.stdout
 
13:40:55 **** Incremental Build of configuration Debug for project XBee ****
make -j9 all 
arm-none-eabi-size  XBee.elf 
   text	   data	    bss	    dec	    hex	filename
  35640	    484	   2204	  38328	   95b8	XBee.elf
Finished building: default.size.stdout
 
13:41:34 **** Incremental Build of configuration Debug for project XBee ****
make -j9 all 
arm-none-eabi-size  XBee.elf 
   text	   data	    bss	    dec	    hex	filename
  35640	    484	   2204	  38328	   95b8	XBee.elf
Finished building: default.size.stdout
 
